2026-05-31T11:33:13.628687Z [info     ] setup plugin alembic.autogenerate.schemas [alembic.runtime.plugins] loc=plugins.py:37
2026-05-31T11:33:13.628823Z [info     ] setup plugin alembic.autogenerate.tables [alembic.runtime.plugins] loc=plugins.py:37
2026-05-31T11:33:13.628876Z [info     ] setup plugin alembic.autogenerate.types [alembic.runtime.plugins] loc=plugins.py:37
2026-05-31T11:33:13.628916Z [info     ] setup plugin alembic.autogenerate.constraints [alembic.runtime.plugins] loc=plugins.py:37
2026-05-31T11:33:13.628950Z [info     ] setup plugin alembic.autogenerate.defaults [alembic.runtime.plugins] loc=plugins.py:37
2026-05-31T11:33:13.628983Z [info     ] setup plugin alembic.autogenerate.comments [alembic.runtime.plugins] loc=plugins.py:37
  ____________       _____________
 ____    |__( )_________  __/__  /________      __
____  /| |_  /__  ___/_  /_ __  /_  __ \_ | /| / /
___  ___ |  / _  /   _  __/ _  / / /_/ /_ |/ |/ /
 _/_/  |_/_/  /_/    /_/    /_/  \____/____/|__/
2026-05-31T11:33:14.707201Z [info     ] Loaded executor: :LocalExecutor: [airflow.executors.executor_loader] loc=executor_loader.py:376
2026-05-31T11:33:14.881112Z [info     ] Starting the scheduler         [airflow.jobs.scheduler_job_runner.SchedulerJobRunner] loc=scheduler_job_runner.py:1442
2026-05-31T11:33:14.890002Z [info     ] Adopting or resetting orphaned tasks for active dag runs [airflow.jobs.scheduler_job_runner.SchedulerJobRunner] loc=scheduler_job_runner.py:2715
2026-05-31T11:33:14.892035Z [info     ] Marked 1 SchedulerJob instances as failed [airflow.jobs.scheduler_job_runner.SchedulerJobRunner] loc=scheduler_job_runner.py:2739
2026-05-31T11:33:15.703243Z [info     ] Starting log server on http://[::]:8793 [airflow.utils.serve_logs.core] loc=core.py:50
2026-05-31T11:33:15.733594Z [warning  ] ASGI app factory detected. Using it, but please consider setting the --factory flag explicitly. [uvicorn.error] loc=config.py:462
2026-05-31T11:33:15.733791Z [info     ] Started server process [9151]  [uvicorn.error] loc=server.py:92
2026-05-31T11:33:15.733839Z [info     ] Waiting for application startup. [uvicorn.error] loc=on.py:48
2026-05-31T11:33:15.733985Z [info     ] Application startup complete.  [uvicorn.error] loc=on.py:62
2026-05-31T11:33:15.737170Z [info     ] Uvicorn running on http://:8793 (Press CTRL+C to quit) [uvicorn.error] loc=server.py:224
2026-05-31T11:38:14.916280Z [info     ] Adopting or resetting orphaned tasks for active dag runs [airflow.jobs.scheduler_job_runner.SchedulerJobRunner] loc=scheduler_job_runner.py:2715
2026-05-31T11:43:14.944273Z [info     ] Adopting or resetting orphaned tasks for active dag runs [airflow.jobs.scheduler_job_runner.SchedulerJobRunner] loc=scheduler_job_runner.py:2715
2026-05-31T11:48:14.975180Z [info     ] Adopting or resetting orphaned tasks for active dag runs [airflow.jobs.scheduler_job_runner.SchedulerJobRunner] loc=scheduler_job_runner.py:2715
2026-05-31T11:53:15.004557Z [info     ] Adopting or resetting orphaned tasks for active dag runs [airflow.jobs.scheduler_job_runner.SchedulerJobRunner] loc=scheduler_job_runner.py:2715
2026-05-31T11:58:15.035474Z [info     ] Adopting or resetting orphaned tasks for active dag runs [airflow.jobs.scheduler_job_runner.SchedulerJobRunner] loc=scheduler_job_runner.py:2715
2026-05-31T12:15:32.285941Z [info     ] Heartbeat recovered after 923.20 seconds [airflow.jobs.job.Job] loc=job.py:241
2026-05-31T12:32:59.148223Z [info     ] Heartbeat recovered after 1046.87 seconds [airflow.jobs.job.Job] loc=job.py:241
2026-05-31T12:48:11.715353Z [info     ] Heartbeat recovered after 912.57 seconds [airflow.jobs.job.Job] loc=job.py:241
2026-05-31T13:04:50.613528Z [info     ] Heartbeat recovered after 998.90 seconds [airflow.jobs.job.Job] loc=job.py:241
2026-05-31T13:05:20.814442Z [info     ] Heartbeat recovered after 30.31 seconds [airflow.jobs.job.Job] loc=job.py:241
2026-05-31T13:06:45.829238Z [info     ] Heartbeat recovered after 30.51 seconds [airflow.jobs.job.Job] loc=job.py:241
2026-05-31T13:23:26.657751Z [info     ] Heartbeat recovered after 990.52 seconds [airflow.jobs.job.Job] loc=job.py:241
2026-05-31T13:39:40.625491Z [info     ] Heartbeat recovered after 940.70 seconds [airflow.jobs.job.Job] loc=job.py:241
2026-05-31T13:56:56.133276Z [info     ] Heartbeat recovered after 1035.51 seconds [airflow.jobs.job.Job] loc=job.py:241
2026-05-31T14:00:49.910351Z [info     ] Heartbeat recovered after 176.78 seconds [airflow.jobs.job.Job] loc=job.py:241
2026-05-31T14:16:00.472118Z [info     ] Heartbeat recovered after 905.40 seconds [airflow.jobs.job.Job] loc=job.py:241
2026-05-31T14:33:17.897978Z [info     ] Heartbeat recovered after 1037.43 seconds [airflow.jobs.job.Job] loc=job.py:241
2026-05-31T14:51:18.517896Z [info     ] Heartbeat recovered after 1080.62 seconds [airflow.jobs.job.Job] loc=job.py:241
2026-05-31T15:01:49.387801Z [info     ] Heartbeat recovered after 630.87 seconds [airflow.jobs.job.Job] loc=job.py:241
2026-05-31T15:02:03.361343Z [info     ] checking for stale bundle versions locally [airflow.dag_processing.bundles.base] loc=base.py:223
2026-05-31T15:02:03.369145Z [info     ] DAG bundles loaded: dags-folder, example_dags [airflow.dag_processing.bundles.manager.DagBundlesManager] loc=manager.py:209
2026-05-31T15:02:03.539539Z [info     ] Adopting or resetting orphaned tasks for active dag runs [airflow.jobs.scheduler_job_runner.SchedulerJobRunner] loc=scheduler_job_runner.py:2715
2026-05-31T15:18:39.344847Z [info     ] Heartbeat recovered after 977.34 seconds [airflow.jobs.job.Job] loc=job.py:241
2026-05-31T15:28:20.186099Z [info     ] Heartbeat recovered after 580.88 seconds [airflow.jobs.job.Job] loc=job.py:241
2026-05-31T15:46:53.000019Z [info     ] Heartbeat recovered after 1074.18 seconds [airflow.jobs.job.Job] loc=job.py:241
2026-05-31T16:02:49.966353Z [info     ] Heartbeat recovered after 956.97 seconds [airflow.jobs.job.Job] loc=job.py:241
2026-05-31T16:19:26.966889Z [info     ] Heartbeat recovered after 968.97 seconds [airflow.jobs.job.Job] loc=job.py:241
2026-05-31T16:35:34.113531Z [info     ] Heartbeat recovered after 967.15 seconds [airflow.jobs.job.Job] loc=job.py:241
2026-05-31T16:52:55.239755Z [info     ] Heartbeat recovered after 1007.97 seconds [airflow.jobs.job.Job] loc=job.py:241
2026-05-31T17:03:50.009305Z [info     ] Heartbeat recovered after 632.69 seconds [airflow.jobs.job.Job] loc=job.py:241
2026-05-31T17:23:42.708367Z [info     ] Heartbeat recovered after 1027.95 seconds [airflow.jobs.job.Job] loc=job.py:241
2026-05-31T17:39:07.103110Z [info     ] Heartbeat recovered after 924.40 seconds [airflow.jobs.job.Job] loc=job.py:241
2026-05-31T17:39:46.108095Z [info     ] Heartbeat recovered after 39.06 seconds [airflow.jobs.job.Job] loc=job.py:241
2026-05-31T17:56:40.848713Z [info     ] Heartbeat recovered after 982.68 seconds [airflow.jobs.job.Job] loc=job.py:241
2026-05-31T17:57:34.569153Z [info     ] Heartbeat recovered after 53.72 seconds [airflow.jobs.job.Job] loc=job.py:241
2026-05-31T17:57:47.068069Z [info     ] Adopting or resetting orphaned tasks for active dag runs [airflow.jobs.scheduler_job_runner.SchedulerJobRunner] loc=scheduler_job_runner.py:2715
2026-05-31T18:01:51.971621Z [info     ] Heartbeat recovered after 219.32 seconds [airflow.jobs.job.Job] loc=job.py:241
2026-05-31T18:04:50.636156Z [info     ] Heartbeat recovered after 167.63 seconds [airflow.jobs.job.Job] loc=job.py:241
2026-05-31T18:20:09.279512Z [info     ] Heartbeat recovered after 913.03 seconds [airflow.jobs.job.Job] loc=job.py:241
2026-05-31T18:30:19.534681Z [info     ] Heartbeat recovered after 610.26 seconds [airflow.jobs.job.Job] loc=job.py:241
2026-05-31T18:34:20.682347Z [info     ] Heartbeat recovered after 236.11 seconds [airflow.jobs.job.Job] loc=job.py:241
2026-05-31T18:50:38.628621Z [info     ] Heartbeat recovered after 933.03 seconds [airflow.jobs.job.Job] loc=job.py:241
2026-05-31T19:05:51.463242Z [info     ] Heartbeat recovered after 868.46 seconds [airflow.jobs.job.Job] loc=job.py:241
2026-05-31T19:21:29.732544Z [info     ] Heartbeat recovered after 905.21 seconds [airflow.jobs.job.Job] loc=job.py:241
2026-05-31T19:23:35.628083Z [info     ] Heartbeat recovered after 92.79 seconds [airflow.jobs.job.Job] loc=job.py:241
2026-05-31T19:39:31.974600Z [info     ] Heartbeat recovered after 945.29 seconds [airflow.jobs.job.Job] loc=job.py:241
2026-05-31T19:52:41.071277Z [info     ] Heartbeat recovered after 789.14 seconds [airflow.jobs.job.Job] loc=job.py:241
2026-05-31T19:53:33.941298Z [info     ] Heartbeat recovered after 41.81 seconds [airflow.jobs.job.Job] loc=job.py:241
2026-05-31T20:06:51.923328Z [info     ] Heartbeat recovered after 775.45 seconds [airflow.jobs.job.Job] loc=job.py:241
2026-05-31T20:06:55.635385Z [info     ] Adopting or resetting orphaned tasks for active dag runs [airflow.jobs.scheduler_job_runner.SchedulerJobRunner] loc=scheduler_job_runner.py:2715
2026-05-31T20:06:55.638528Z [info     ] Marked 1 SchedulerJob instances as failed [airflow.jobs.scheduler_job_runner.SchedulerJobRunner] loc=scheduler_job_runner.py:2739
2026-05-31T20:22:29.506955Z [info     ] Heartbeat recovered after 904.38 seconds [airflow.jobs.job.Job] loc=job.py:241
2026-05-31T20:38:06.474421Z [info     ] Heartbeat recovered after 903.83 seconds [airflow.jobs.job.Job] loc=job.py:241
2026-05-31T20:53:43.020079Z [info     ] Heartbeat recovered after 904.42 seconds [airflow.jobs.job.Job] loc=job.py:241
2026-05-31T21:09:05.066853Z [info     ] Heartbeat recovered after 889.20 seconds [airflow.jobs.job.Job] loc=job.py:241
2026-05-31T21:26:38.879483Z [info     ] Heartbeat recovered after 1020.66 seconds [airflow.jobs.job.Job] loc=job.py:241
2026-05-31T21:28:02.276708Z [info     ] Heartbeat recovered after 83.40 seconds [airflow.jobs.job.Job] loc=job.py:241
2026-05-31T21:43:40.775103Z [info     ] Heartbeat recovered after 905.32 seconds [airflow.jobs.job.Job] loc=job.py:241
2026-05-31T21:59:18.404695Z [info     ] Heartbeat recovered after 904.50 seconds [airflow.jobs.job.Job] loc=job.py:241
2026-05-31T22:14:54.151763Z [info     ] Heartbeat recovered after 902.82 seconds [airflow.jobs.job.Job] loc=job.py:241
2026-05-31T22:15:03.806252Z [info     ] Adopting or resetting orphaned tasks for active dag runs [airflow.jobs.scheduler_job_runner.SchedulerJobRunner] loc=scheduler_job_runner.py:2715
2026-05-31T22:30:30.678723Z [info     ] Heartbeat recovered after 902.75 seconds [airflow.jobs.job.Job] loc=job.py:241
2026-05-31T22:46:07.829105Z [info     ] Heartbeat recovered after 903.97 seconds [airflow.jobs.job.Job] loc=job.py:241
2026-05-31T23:01:44.014046Z [info     ] Heartbeat recovered after 902.85 seconds [airflow.jobs.job.Job] loc=job.py:241
2026-05-31T23:17:21.093209Z [info     ] Heartbeat recovered after 903.98 seconds [airflow.jobs.job.Job] loc=job.py:241
2026-05-31T23:33:00.858439Z [info     ] Heartbeat recovered after 901.18 seconds [airflow.jobs.job.Job] loc=job.py:241
2026-05-31T23:48:37.946787Z [info     ] Heartbeat recovered after 904.00 seconds [airflow.jobs.job.Job] loc=job.py:241
2026-06-01T00:04:15.387191Z [info     ] Heartbeat recovered after 905.06 seconds [airflow.jobs.job.Job] loc=job.py:241
2026-06-01T00:19:51.674094Z [info     ] Heartbeat recovered after 903.76 seconds [airflow.jobs.job.Job] loc=job.py:241
2026-06-01T00:20:09.636426Z [info     ] Adopting or resetting orphaned tasks for active dag runs [airflow.jobs.scheduler_job_runner.SchedulerJobRunner] loc=scheduler_job_runner.py:2715
2026-06-01T00:30:59.510318Z [info     ] Heartbeat recovered after 635.66 seconds [airflow.jobs.job.Job] loc=job.py:241
2026-06-01T00:48:14.491151Z [info     ] Heartbeat recovered after 991.34 seconds [airflow.jobs.job.Job] loc=job.py:241
2026-06-01T01:05:57.460215Z [info     ] Heartbeat recovered after 1046.31 seconds [airflow.jobs.job.Job] loc=job.py:241
2026-06-01T01:06:55.986310Z [info     ] Heartbeat recovered after 58.59 seconds [airflow.jobs.job.Job] loc=job.py:241
2026-06-01T01:24:16.507283Z [info     ] Heartbeat recovered after 1019.04 seconds [airflow.jobs.job.Job] loc=job.py:241
2026-06-01T01:40:15.640517Z [info     ] Heartbeat recovered after 959.13 seconds [airflow.jobs.job.Job] loc=job.py:241
2026-06-01T01:55:59.523379Z [info     ] Heartbeat recovered after 943.88 seconds [airflow.jobs.job.Job] loc=job.py:241
2026-06-01T02:11:25.302016Z [info     ] Heartbeat recovered after 903.44 seconds [airflow.jobs.job.Job] loc=job.py:241
2026-06-01T02:26:48.597444Z [info     ] Heartbeat recovered after 901.19 seconds [airflow.jobs.job.Job] loc=job.py:241
2026-06-01T02:31:59.865928Z [info     ] Heartbeat recovered after 272.62 seconds [airflow.jobs.job.Job] loc=job.py:241
2026-06-01T02:37:17.891496Z [info     ] Heartbeat recovered after 312.95 seconds [airflow.jobs.job.Job] loc=job.py:241
2026-06-01T02:52:55.468694Z [info     ] Heartbeat recovered after 905.44 seconds [airflow.jobs.job.Job] loc=job.py:241
2026-06-01T03:08:35.360892Z [info     ] Heartbeat recovered after 902.35 seconds [airflow.jobs.job.Job] loc=job.py:241
2026-06-01T03:08:37.133742Z [info     ] Adopting or resetting orphaned tasks for active dag runs [airflow.jobs.scheduler_job_runner.SchedulerJobRunner] loc=scheduler_job_runner.py:2715
2026-06-01T03:08:37.136227Z [info     ] Marked 1 SchedulerJob instances as failed [airflow.jobs.scheduler_job_runner.SchedulerJobRunner] loc=scheduler_job_runner.py:2739
2026-06-01T03:20:34.780131Z [info     ] Heartbeat recovered after 686.76 seconds [airflow.jobs.job.Job] loc=job.py:241
2026-06-01T03:24:18.945618Z [info     ] Heartbeat recovered after 185.84 seconds [airflow.jobs.job.Job] loc=job.py:241
2026-06-01T03:32:59.547450Z [info     ] Heartbeat recovered after 509.23 seconds [airflow.jobs.job.Job] loc=job.py:241
2026-06-01T03:48:57.271019Z [info     ] Heartbeat recovered after 924.97 seconds [airflow.jobs.job.Job] loc=job.py:241
2026-06-01T04:06:33.205571Z [info     ] Heartbeat recovered after 1055.94 seconds [airflow.jobs.job.Job] loc=job.py:241
2026-06-01T04:22:11.152603Z [info     ] Heartbeat recovered after 905.77 seconds [airflow.jobs.job.Job] loc=job.py:241
2026-06-01T04:33:59.573730Z [info     ] Heartbeat recovered after 708.51 seconds [airflow.jobs.job.Job] loc=job.py:241
2026-06-01T04:51:05.117833Z [info     ] Heartbeat recovered after 993.23 seconds [airflow.jobs.job.Job] loc=job.py:241
2026-06-01T05:06:44.402435Z [info     ] Heartbeat recovered after 939.37 seconds [airflow.jobs.job.Job] loc=job.py:241
2026-06-01T05:24:38.614145Z [info     ] Heartbeat recovered after 1074.21 seconds [airflow.jobs.job.Job] loc=job.py:241
2026-06-01T05:29:09.078927Z [info     ] Heartbeat recovered after 270.47 seconds [airflow.jobs.job.Job] loc=job.py:241
2026-06-01T05:30:26.253860Z [info     ] checking for stale bundle versions locally [airflow.dag_processing.bundles.base] loc=base.py:223
2026-06-01T05:30:26.267895Z [info     ] DAG bundles loaded: dags-folder, example_dags [airflow.dag_processing.bundles.manager.DagBundlesManager] loc=manager.py:209
2026-06-01T05:30:26.581932Z [info     ] Adopting or resetting orphaned tasks for active dag runs [airflow.jobs.scheduler_job_runner.SchedulerJobRunner] loc=scheduler_job_runner.py:2715
2026-06-01T05:46:01.471840Z [info     ] Heartbeat recovered after 930.97 seconds [airflow.jobs.job.Job] loc=job.py:241
2026-06-01T06:03:02.806928Z [info     ] Heartbeat recovered after 1021.34 seconds [airflow.jobs.job.Job] loc=job.py:241
2026-06-01T06:19:40.553571Z [info     ] Heartbeat recovered after 997.75 seconds [airflow.jobs.job.Job] loc=job.py:241
2026-06-01T06:37:18.077222Z [info     ] Heartbeat recovered after 1057.53 seconds [airflow.jobs.job.Job] loc=job.py:241
2026-06-01T06:52:33.009580Z [info     ] Heartbeat recovered after 914.93 seconds [airflow.jobs.job.Job] loc=job.py:241
2026-06-01T07:09:06.450663Z [info     ] Heartbeat recovered after 993.54 seconds [airflow.jobs.job.Job] loc=job.py:241
2026-06-01T07:25:35.967735Z [info     ] Heartbeat recovered after 989.52 seconds [airflow.jobs.job.Job] loc=job.py:241
2026-06-01T07:31:27.743108Z [info     ] Heartbeat recovered after 346.70 seconds [airflow.jobs.job.Job] loc=job.py:241
2026-06-01T07:48:21.718450Z [info     ] Heartbeat recovered after 985.95 seconds [airflow.jobs.job.Job] loc=job.py:241
2026-06-01T08:05:24.960023Z [info     ] Heartbeat recovered after 990.06 seconds [airflow.jobs.job.Job] loc=job.py:241
2026-06-01T08:21:26.645642Z [info     ] Heartbeat recovered after 956.68 seconds [airflow.jobs.job.Job] loc=job.py:241
2026-06-01T08:32:28.624417Z [info     ] Heartbeat recovered after 661.98 seconds [airflow.jobs.job.Job] loc=job.py:241
2026-06-01T08:48:46.159670Z [info     ] Heartbeat recovered after 966.78 seconds [airflow.jobs.job.Job] loc=job.py:241
2026-06-01T09:07:43.531364Z [info     ] Heartbeat recovered after 966.35 seconds [airflow.jobs.job.Job] loc=job.py:241
2026-06-01T09:08:13.555831Z [info     ] Heartbeat recovered after 30.03 seconds [airflow.jobs.job.Job] loc=job.py:241
2026-06-01T09:25:44.861265Z [info     ] Heartbeat recovered after 1023.44 seconds [airflow.jobs.job.Job] loc=job.py:241
2026-06-01T09:33:27.760115Z [info     ] Heartbeat recovered after 462.90 seconds [airflow.jobs.job.Job] loc=job.py:241
2026-06-01T09:51:43.411300Z [info     ] Heartbeat recovered after 1068.80 seconds [airflow.jobs.job.Job] loc=job.py:241
2026-06-01T10:09:20.885719Z [info     ] Heartbeat recovered after 1057.48 seconds [airflow.jobs.job.Job] loc=job.py:241
2026-06-01T10:26:04.704873Z [info     ] Heartbeat recovered after 1003.82 seconds [airflow.jobs.job.Job] loc=job.py:241
2026-06-01T10:34:28.083012Z [info     ] Heartbeat recovered after 503.38 seconds [airflow.jobs.job.Job] loc=job.py:241
2026-06-01T10:34:50.858329Z [info     ] Adopting or resetting orphaned tasks for active dag runs [airflow.jobs.scheduler_job_runner.SchedulerJobRunner] loc=scheduler_job_runner.py:2715
2026-06-01T10:50:56.328311Z [info     ] Heartbeat recovered after 967.05 seconds [airflow.jobs.job.Job] loc=job.py:241
2026-06-01T11:06:09.796278Z [info     ] Heartbeat recovered after 913.47 seconds [airflow.jobs.job.Job] loc=job.py:241
2026-06-01T11:21:56.695281Z [info     ] Heartbeat recovered after 946.90 seconds [airflow.jobs.job.Job] loc=job.py:241
2026-06-01T11:34:57.140976Z [info     ] Heartbeat recovered after 780.45 seconds [airflow.jobs.job.Job] loc=job.py:241
2026-06-01T11:52:29.055762Z [info     ] Heartbeat recovered after 1029.34 seconds [airflow.jobs.job.Job] loc=job.py:241
2026-06-01T12:08:15.985039Z [info     ] Heartbeat recovered after 946.93 seconds [airflow.jobs.job.Job] loc=job.py:241
2026-06-01T12:19:33.668456Z [info     ] Heartbeat recovered after 677.69 seconds [airflow.jobs.job.Job] loc=job.py:241
2026-06-01T12:21:09.037846Z [info     ] Heartbeat recovered after 62.54 seconds [airflow.jobs.job.Job] loc=job.py:241
2026-06-01T12:35:58.315143Z [info     ] Heartbeat recovered after 872.94 seconds [airflow.jobs.job.Job] loc=job.py:241
2026-06-01T12:51:38.759736Z [info     ] Heartbeat recovered after 901.89 seconds [airflow.jobs.job.Job] loc=job.py:241
2026-06-01T13:07:32.008629Z [info     ] Heartbeat recovered after 953.25 seconds [airflow.jobs.job.Job] loc=job.py:241
2026-06-01T13:24:57.385338Z [info     ] Heartbeat recovered after 1045.38 seconds [airflow.jobs.job.Job] loc=job.py:241
2026-06-01T13:36:57.377416Z [info     ] Heartbeat recovered after 720.08 seconds [airflow.jobs.job.Job] loc=job.py:241
2026-06-01T13:53:41.618233Z [info     ] Heartbeat recovered after 964.52 seconds [airflow.jobs.job.Job] loc=job.py:241
2026-06-01T14:09:23.721194Z [info     ] Heartbeat recovered after 942.10 seconds [airflow.jobs.job.Job] loc=job.py:241
2026-06-01T14:26:21.349844Z [info     ] Heartbeat recovered after 980.64 seconds [airflow.jobs.job.Job] loc=job.py:241
2026-06-01T14:37:57.781955Z [info     ] Heartbeat recovered after 696.52 seconds [airflow.jobs.job.Job] loc=job.py:241
2026-06-01T14:53:35.748294Z [info     ] Heartbeat recovered after 911.01 seconds [airflow.jobs.job.Job] loc=job.py:241
2026-06-01T15:10:34.296721Z [info     ] Heartbeat recovered after 1018.55 seconds [airflow.jobs.job.Job] loc=job.py:241
2026-06-01T15:26:21.047517Z [info     ] Heartbeat recovered after 941.61 seconds [airflow.jobs.job.Job] loc=job.py:241
2026-06-01T15:38:57.558664Z [info     ] Heartbeat recovered after 756.51 seconds [airflow.jobs.job.Job] loc=job.py:241
2026-06-01T15:39:01.687009Z [info     ] Adopting or resetting orphaned tasks for active dag runs [airflow.jobs.scheduler_job_runner.SchedulerJobRunner] loc=scheduler_job_runner.py:2715
2026-06-01T15:39:01.689664Z [info     ] Marked 1 SchedulerJob instances as failed [airflow.jobs.scheduler_job_runner.SchedulerJobRunner] loc=scheduler_job_runner.py:2739
2026-06-01T15:54:25.289550Z [info     ] Heartbeat recovered after 905.81 seconds [airflow.jobs.job.Job] loc=job.py:241
2026-06-01T16:10:10.200417Z [info     ] Heartbeat recovered after 944.91 seconds [airflow.jobs.job.Job] loc=job.py:241
2026-06-01T16:26:41.265880Z [info     ] Heartbeat recovered after 991.10 seconds [airflow.jobs.job.Job] loc=job.py:241
2026-06-01T16:39:57.335911Z [info     ] Heartbeat recovered after 796.07 seconds [airflow.jobs.job.Job] loc=job.py:241
2026-06-01T16:44:25.325439Z [info     ] Heartbeat recovered after 241.29 seconds [airflow.jobs.job.Job] loc=job.py:241
2026-06-01T16:48:16.628895Z [info     ] Adopting or resetting orphaned tasks for active dag runs [airflow.jobs.scheduler_job_runner.SchedulerJobRunner] loc=scheduler_job_runner.py:2715
2026-06-01T16:53:16.654632Z [info     ] Adopting or resetting orphaned tasks for active dag runs [airflow.jobs.scheduler_job_runner.SchedulerJobRunner] loc=scheduler_job_runner.py:2715
2026-06-01T16:58:16.681718Z [info     ] Adopting or resetting orphaned tasks for active dag runs [airflow.jobs.scheduler_job_runner.SchedulerJobRunner] loc=scheduler_job_runner.py:2715
2026-06-01T17:03:16.249917Z [info     ] checking for stale bundle versions locally [airflow.dag_processing.bundles.base] loc=base.py:223
2026-06-01T17:03:16.264890Z [info     ] DAG bundles loaded: dags-folder, example_dags [airflow.dag_processing.bundles.manager.DagBundlesManager] loc=manager.py:209
2026-06-01T17:03:16.717660Z [info     ] Adopting or resetting orphaned tasks for active dag runs [airflow.jobs.scheduler_job_runner.SchedulerJobRunner] loc=scheduler_job_runner.py:2715
2026-06-01T17:20:36.140562Z [info     ] Heartbeat recovered after 1036.28 seconds [airflow.jobs.job.Job] loc=job.py:241
2026-06-01T17:24:11.825610Z [info     ] Heartbeat recovered after 172.53 seconds [airflow.jobs.job.Job] loc=job.py:241
2026-06-01T17:41:10.264662Z [info     ] Heartbeat recovered after 1007.38 seconds [airflow.jobs.job.Job] loc=job.py:241
2026-06-01T17:42:08.386086Z [info     ] Heartbeat recovered after 58.14 seconds [airflow.jobs.job.Job] loc=job.py:241
2026-06-01T18:00:03.302444Z [info     ] Heartbeat recovered after 1046.93 seconds [airflow.jobs.job.Job] loc=job.py:241
2026-06-01T18:16:21.306052Z [info     ] Heartbeat recovered after 950.87 seconds [airflow.jobs.job.Job] loc=job.py:241
2026-06-01T18:31:38.033909Z [info     ] Heartbeat recovered after 916.73 seconds [airflow.jobs.job.Job] loc=job.py:241
2026-06-01T18:49:37.559549Z [info     ] Heartbeat recovered after 1079.60 seconds [airflow.jobs.job.Job] loc=job.py:241
2026-06-01T19:04:14.991672Z [info     ] Heartbeat recovered after 877.43 seconds [airflow.jobs.job.Job] loc=job.py:241
2026-06-01T19:22:05.250714Z [info     ] Heartbeat recovered after 1037.21 seconds [airflow.jobs.job.Job] loc=job.py:241
2026-06-01T19:38:37.987696Z [info     ] Heartbeat recovered after 992.70 seconds [airflow.jobs.job.Job] loc=job.py:241
2026-06-01T19:55:44.368329Z [info     ] Heartbeat recovered after 1026.51 seconds [airflow.jobs.job.Job] loc=job.py:241
2026-06-01T20:05:16.060962Z [info     ] Heartbeat recovered after 571.70 seconds [airflow.jobs.job.Job] loc=job.py:241
2026-06-01T20:11:49.120481Z [info     ] Heartbeat recovered after 382.19 seconds [airflow.jobs.job.Job] loc=job.py:241
2026-06-01T20:13:18.940919Z [info     ] Adopting or resetting orphaned tasks for active dag runs [airflow.jobs.scheduler_job_runner.SchedulerJobRunner] loc=scheduler_job_runner.py:2715
2026-06-01T20:18:19.056871Z [info     ] Adopting or resetting orphaned tasks for active dag runs [airflow.jobs.scheduler_job_runner.SchedulerJobRunner] loc=scheduler_job_runner.py:2715
2026-06-01T20:23:19.406108Z [info     ] Adopting or resetting orphaned tasks for active dag runs [airflow.jobs.scheduler_job_runner.SchedulerJobRunner] loc=scheduler_job_runner.py:2715
2026-06-01T20:28:19.472108Z [info     ] Adopting or resetting orphaned tasks for active dag runs [airflow.jobs.scheduler_job_runner.SchedulerJobRunner] loc=scheduler_job_runner.py:2715
2026-06-01T20:33:19.495940Z [info     ] Adopting or resetting orphaned tasks for active dag runs [airflow.jobs.scheduler_job_runner.SchedulerJobRunner] loc=scheduler_job_runner.py:2715
2026-06-02T09:19:15.639789Z [info     ] Heartbeat recovered after 45671.80 seconds [airflow.jobs.job.Job] loc=job.py:241
2026-06-02T09:19:15.671928Z [info     ] checking for stale bundle versions locally [airflow.dag_processing.bundles.base] loc=base.py:223
2026-06-02T09:19:15.687361Z [info     ] DAG bundles loaded: dags-folder, example_dags [airflow.dag_processing.bundles.manager.DagBundlesManager] loc=manager.py:209
2026-06-02T09:19:15.691229Z [info     ] Adopting or resetting orphaned tasks for active dag runs [airflow.jobs.scheduler_job_runner.SchedulerJobRunner] loc=scheduler_job_runner.py:2715
2026-06-02T09:19:15.692062Z [info     ] Marked 1 SchedulerJob instances as failed [airflow.jobs.scheduler_job_runner.SchedulerJobRunner] loc=scheduler_job_runner.py:2739
