{"timestamp":"2026-06-03T10:54:38.174156Z","level":"info","event":"setup plugin alembic.autogenerate.schemas","logger":"alembic.runtime.plugins","filename":"plugins.py","lineno":37}
{"timestamp":"2026-06-03T10:54:38.174262Z","level":"info","event":"setup plugin alembic.autogenerate.tables","logger":"alembic.runtime.plugins","filename":"plugins.py","lineno":37}
{"timestamp":"2026-06-03T10:54:38.174301Z","level":"info","event":"setup plugin alembic.autogenerate.types","logger":"alembic.runtime.plugins","filename":"plugins.py","lineno":37}
{"timestamp":"2026-06-03T10:54:38.174333Z","level":"info","event":"setup plugin alembic.autogenerate.constraints","logger":"alembic.runtime.plugins","filename":"plugins.py","lineno":37}
{"timestamp":"2026-06-03T10:54:38.174360Z","level":"info","event":"setup plugin alembic.autogenerate.defaults","logger":"alembic.runtime.plugins","filename":"plugins.py","lineno":37}
{"timestamp":"2026-06-03T10:54:38.174385Z","level":"info","event":"setup plugin alembic.autogenerate.comments","logger":"alembic.runtime.plugins","filename":"plugins.py","lineno":37}
{"timestamp":"2026-06-03T10:54:38.292909Z","level":"info","event":"DAG bundles loaded: dags-folder, example_dags","logger":"airflow.dag_processing.bundles.manager.DagBundlesManager","filename":"manager.py","lineno":209}
{"timestamp":"2026-06-03T10:54:38.293266Z","level":"info","event":"Filling up the DagBag from /Users/ashish/Desktop/Data AI project/data-engineering/airflow/dags/batch_ingestion_dag.py","logger":"airflow.dag_processing.dagbag.BundleDagBag","filename":"dagbag.py","lineno":469}
{"timestamp":"2026-06-03T10:54:38.301368Z","level":"warning","event":"The `airflow.operators.bash.BashOperator` attribute is deprecated. Please use `'airflow.providers.standard.operators.bash.BashOperator'`.","category":"UserWarning","filename":"/Users/ashish/Desktop/Data AI project/data-engineering/airflow/dags/batch_ingestion_dag.py","lineno":4,"logger":"py.warnings"}
{"timestamp":"2026-06-03T10:54:38.325765Z","level":"info","event":"Task instance is in running state","logger":"task.stdout"}
{"timestamp":"2026-06-03T10:54:38.326188Z","level":"info","event":" Previous state of the Task instance: TaskInstanceState.QUEUED","logger":"task.stdout"}
{"timestamp":"2026-06-03T10:54:38.326425Z","level":"info","event":"Current task name:run_spark_batch_ingestion","logger":"task.stdout"}
{"timestamp":"2026-06-03T10:54:38.326518Z","level":"info","event":"Dag name:batch_ingestion_pipeline","logger":"task.stdout"}
{"timestamp":"2026-06-03T10:54:38.327070Z","level":"info","event":"Tmp dir root location: /var/folders/_4/lmhj7pk15pn7zxxkljb4765m0000gn/T","logger":"airflow.task.hooks.airflow.providers.standard.hooks.subprocess.SubprocessHook","filename":"subprocess.py","lineno":78}
{"timestamp":"2026-06-03T10:54:38.327464Z","level":"info","event":"Running command: ['/bin/bash', '-c', '\"/Users/ashish/Desktop/Data AI project/data-engineering/venv/bin/python\" \"/Users/ashish/Desktop/Data AI project/data-engineering/spark/batch_ingestion.py\"']","logger":"airflow.task.hooks.airflow.providers.standard.hooks.subprocess.SubprocessHook","filename":"subprocess.py","lineno":80}
{"timestamp":"2026-06-03T10:54:38.331272Z","level":"info","event":"Output:","logger":"airflow.task.hooks.airflow.providers.standard.hooks.subprocess.SubprocessHook","filename":"subprocess.py","lineno":92}
{"timestamp":"2026-06-03T10:54:40.237754Z","level":"info","event":"Setting default log level to \"WARN\".","logger":"airflow.task.hooks.airflow.providers.standard.hooks.subprocess.SubprocessHook","filename":"subprocess.py","lineno":99}
{"timestamp":"2026-06-03T10:54:40.239394Z","level":"info","event":"To adjust logging level use sc.setLogLevel(newLevel). For SparkR, use setLogLevel(newLevel).","logger":"airflow.task.hooks.airflow.providers.standard.hooks.subprocess.SubprocessHook","filename":"subprocess.py","lineno":99}
{"timestamp":"2026-06-03T10:54:40.413872Z","level":"info","event":"26/06/03 16:24:40 WARN NativeCodeLoader: Unable to load native-hadoop library for your platform... using builtin-java classes where applicable","logger":"airflow.task.hooks.airflow.providers.standard.hooks.subprocess.SubprocessHook","filename":"subprocess.py","lineno":99}
{"timestamp":"2026-06-03T10:54:41.147437Z","level":"info","event":"26/06/03 16:24:41 WARN Utils: Service 'SparkUI' could not bind on port 4040. Attempting port 4041.","logger":"airflow.task.hooks.airflow.providers.standard.hooks.subprocess.SubprocessHook","filename":"subprocess.py","lineno":99}
{"timestamp":"2026-06-03T10:54:52.636831Z","level":"info","event":"\r[Stage 2:>                                                          (0 + 2) / 2]\r\r                                                                                \rReading batch data from: /Users/ashish/Desktop/Data AI project/data-engineering/data/raw","logger":"airflow.task.hooks.airflow.providers.standard.hooks.subprocess.SubprocessHook","filename":"subprocess.py","lineno":99}
{"timestamp":"2026-06-03T10:54:52.638640Z","level":"info","event":"Writing to Bronze layer at: /Users/ashish/Desktop/Data AI project/data-engineering/data/bronze/batch_data","logger":"airflow.task.hooks.airflow.providers.standard.hooks.subprocess.SubprocessHook","filename":"subprocess.py","lineno":99}
{"timestamp":"2026-06-03T10:54:52.638716Z","level":"info","event":"Batch ingestion to Bronze completed successfully.","logger":"airflow.task.hooks.airflow.providers.standard.hooks.subprocess.SubprocessHook","filename":"subprocess.py","lineno":99}
{"timestamp":"2026-06-03T10:54:53.441291Z","level":"info","event":"Command exited with return code 0","logger":"airflow.task.hooks.airflow.providers.standard.hooks.subprocess.SubprocessHook","filename":"subprocess.py","lineno":103}
{"timestamp":"2026-06-03T10:54:53.447620Z","level":"info","event":"Pushing xcom","ti":"RuntimeTaskInstance(id=UUID('019e8d1e-f186-7ce7-9685-9a11561e3205'), task_id='run_spark_batch_ingestion', dag_id='batch_ingestion_pipeline', run_id='manual__2026-06-03T10:54:34.988632+00:00', try_number=1, dag_version_id=UUID('019e8d1b-83c2-7cee-8a61-7d8cfb22ab16'), map_index=-1, hostname='ashishs-macbook-air.local', context_carrier={'traceparent': '00-04d05b678332abcb8e2bb013054f152c-2be579152b650126-01'}, task=<Task(BashOperator): run_spark_batch_ingestion>, bundle_instance=LocalDagBundle(name=dags-folder), max_tries=1, start_date=datetime.datetime(2026, 6, 3, 10, 54, 36, 901581, tzinfo=datetime.timezone.utc), end_date=None, state=<TaskInstanceState.RUNNING: 'running'>, is_mapped=False, rendered_map_index=None, sentry_integration='')","logger":"task","filename":"task_runner.py","lineno":1724}
{"timestamp":"2026-06-03T10:54:53.617707Z","level":"info","event":"Task instance in success state","logger":"task.stdout"}
{"timestamp":"2026-06-03T10:54:53.618058Z","level":"info","event":" Previous state of the Task instance: TaskInstanceState.RUNNING","logger":"task.stdout"}
{"timestamp":"2026-06-03T10:54:53.619396Z","level":"info","event":"Task operator:<Task(BashOperator): run_spark_batch_ingestion>","logger":"task.stdout"}
