{"timestamp":"2026-06-03T11:18:55.215648Z","level":"info","event":"setup plugin alembic.autogenerate.schemas","logger":"alembic.runtime.plugins","filename":"plugins.py","lineno":37}
{"timestamp":"2026-06-03T11:18:55.218309Z","level":"info","event":"setup plugin alembic.autogenerate.tables","logger":"alembic.runtime.plugins","filename":"plugins.py","lineno":37}
{"timestamp":"2026-06-03T11:18:55.218442Z","level":"info","event":"setup plugin alembic.autogenerate.types","logger":"alembic.runtime.plugins","filename":"plugins.py","lineno":37}
{"timestamp":"2026-06-03T11:18:55.218688Z","level":"info","event":"setup plugin alembic.autogenerate.constraints","logger":"alembic.runtime.plugins","filename":"plugins.py","lineno":37}
{"timestamp":"2026-06-03T11:18:55.218791Z","level":"info","event":"setup plugin alembic.autogenerate.defaults","logger":"alembic.runtime.plugins","filename":"plugins.py","lineno":37}
{"timestamp":"2026-06-03T11:18:55.218887Z","level":"info","event":"setup plugin alembic.autogenerate.comments","logger":"alembic.runtime.plugins","filename":"plugins.py","lineno":37}
{"timestamp":"2026-06-03T11:18:57.053788Z","level":"info","event":"DAG bundles loaded: dags-folder, example_dags","logger":"airflow.dag_processing.bundles.manager.DagBundlesManager","filename":"manager.py","lineno":209}
{"timestamp":"2026-06-03T11:18:57.056906Z","level":"info","event":"Filling up the DagBag from /Users/ashish/Desktop/Data AI project/data-engineering/airflow/dags/gold_aggregation_dag.py","logger":"airflow.dag_processing.dagbag.BundleDagBag","filename":"dagbag.py","lineno":469}
{"timestamp":"2026-06-03T11:18:57.163426Z","level":"warning","event":"The `airflow.operators.bash.BashOperator` attribute is deprecated. Please use `'airflow.providers.standard.operators.bash.BashOperator'`.","category":"UserWarning","filename":"/Users/ashish/Desktop/Data AI project/data-engineering/airflow/dags/gold_aggregation_dag.py","lineno":4,"logger":"py.warnings"}
{"timestamp":"2026-06-03T11:18:57.960217Z","level":"info","event":"Task instance is in running state","logger":"task.stdout"}
{"timestamp":"2026-06-03T11:18:57.967132Z","level":"info","event":" Previous state of the Task instance: TaskInstanceState.QUEUED","logger":"task.stdout"}
{"timestamp":"2026-06-03T11:18:57.968159Z","level":"info","event":"Current task name:run_spark_gold_aggregation","logger":"task.stdout"}
{"timestamp":"2026-06-03T11:18:57.968894Z","level":"info","event":"Dag name:gold_aggregation_pipeline","logger":"task.stdout"}
{"timestamp":"2026-06-03T11:18:57.882609Z","level":"info","event":"Tmp dir root location: /var/folders/_4/lmhj7pk15pn7zxxkljb4765m0000gn/T","logger":"airflow.task.hooks.airflow.providers.standard.hooks.subprocess.SubprocessHook","filename":"subprocess.py","lineno":78}
{"timestamp":"2026-06-03T11:18:57.885979Z","level":"info","event":"Running command: ['/bin/bash', '-c', '\"/Users/ashish/Desktop/Data AI project/data-engineering/venv/bin/python\" \"/Users/ashish/Desktop/Data AI project/data-engineering/spark/gold_aggregation.py\"']","logger":"airflow.task.hooks.airflow.providers.standard.hooks.subprocess.SubprocessHook","filename":"subprocess.py","lineno":80}
{"timestamp":"2026-06-03T11:18:57.898187Z","level":"info","event":"Output:","logger":"airflow.task.hooks.airflow.providers.standard.hooks.subprocess.SubprocessHook","filename":"subprocess.py","lineno":92}
{"timestamp":"2026-06-03T11:19:15.546845Z","level":"info","event":":: loading settings :: url = jar:file:/Users/ashish/spark3/spark-3.5.3-bin-hadoop3/jars/ivy-2.5.1.jar!/org/apache/ivy/core/settings/ivysettings.xml","logger":"airflow.task.hooks.airflow.providers.standard.hooks.subprocess.SubprocessHook","filename":"subprocess.py","lineno":99}
{"timestamp":"2026-06-03T11:19:16.719872Z","level":"info","event":"Ivy Default Cache set to: /Users/ashish/.ivy2/cache","logger":"airflow.task.hooks.airflow.providers.standard.hooks.subprocess.SubprocessHook","filename":"subprocess.py","lineno":99}
{"timestamp":"2026-06-03T11:19:16.743432Z","level":"info","event":"The jars for the packages stored in: /Users/ashish/.ivy2/jars","logger":"airflow.task.hooks.airflow.providers.standard.hooks.subprocess.SubprocessHook","filename":"subprocess.py","lineno":99}
{"timestamp":"2026-06-03T11:19:16.759368Z","level":"info","event":"org.postgresql#postgresql added as a dependency","logger":"airflow.task.hooks.airflow.providers.standard.hooks.subprocess.SubprocessHook","filename":"subprocess.py","lineno":99}
{"timestamp":"2026-06-03T11:19:16.770473Z","level":"info","event":":: resolving dependencies :: org.apache.spark#spark-submit-parent-ae1739b8-7f2b-4bcf-ad69-4884cc38e8b7;1.0","logger":"airflow.task.hooks.airflow.providers.standard.hooks.subprocess.SubprocessHook","filename":"subprocess.py","lineno":99}
{"timestamp":"2026-06-03T11:19:16.774876Z","level":"info","event":"\tconfs: [default]","logger":"airflow.task.hooks.airflow.providers.standard.hooks.subprocess.SubprocessHook","filename":"subprocess.py","lineno":99}
{"timestamp":"2026-06-03T11:19:18.599857Z","level":"info","event":"\tfound org.postgresql#postgresql;42.7.2 in central","logger":"airflow.task.hooks.airflow.providers.standard.hooks.subprocess.SubprocessHook","filename":"subprocess.py","lineno":99}
{"timestamp":"2026-06-03T11:19:19.307867Z","level":"info","event":"\tfound org.checkerframework#checker-qual;3.42.0 in central","logger":"airflow.task.hooks.airflow.providers.standard.hooks.subprocess.SubprocessHook","filename":"subprocess.py","lineno":99}
{"timestamp":"2026-06-03T11:19:19.685252Z","level":"info","event":":: resolution report :: resolve 2816ms :: artifacts dl 48ms","logger":"airflow.task.hooks.airflow.providers.standard.hooks.subprocess.SubprocessHook","filename":"subprocess.py","lineno":99}
{"timestamp":"2026-06-03T11:19:19.721418Z","level":"info","event":"\t:: modules in use:","logger":"airflow.task.hooks.airflow.providers.standard.hooks.subprocess.SubprocessHook","filename":"subprocess.py","lineno":99}
{"timestamp":"2026-06-03T11:19:19.721758Z","level":"info","event":"\torg.checkerframework#checker-qual;3.42.0 from central in [default]","logger":"airflow.task.hooks.airflow.providers.standard.hooks.subprocess.SubprocessHook","filename":"subprocess.py","lineno":99}
{"timestamp":"2026-06-03T11:19:19.722362Z","level":"info","event":"\torg.postgresql#postgresql;42.7.2 from central in [default]","logger":"airflow.task.hooks.airflow.providers.standard.hooks.subprocess.SubprocessHook","filename":"subprocess.py","lineno":99}
{"timestamp":"2026-06-03T11:19:19.722517Z","level":"info","event":"\t---------------------------------------------------------------------","logger":"airflow.task.hooks.airflow.providers.standard.hooks.subprocess.SubprocessHook","filename":"subprocess.py","lineno":99}
{"timestamp":"2026-06-03T11:19:19.722577Z","level":"info","event":"\t|                  |            modules            ||   artifacts   |","logger":"airflow.task.hooks.airflow.providers.standard.hooks.subprocess.SubprocessHook","filename":"subprocess.py","lineno":99}
{"timestamp":"2026-06-03T11:19:19.722652Z","level":"info","event":"\t|       conf       | number| search|dwnlded|evicted|| number|dwnlded|","logger":"airflow.task.hooks.airflow.providers.standard.hooks.subprocess.SubprocessHook","filename":"subprocess.py","lineno":99}
{"timestamp":"2026-06-03T11:19:19.722723Z","level":"info","event":"\t---------------------------------------------------------------------","logger":"airflow.task.hooks.airflow.providers.standard.hooks.subprocess.SubprocessHook","filename":"subprocess.py","lineno":99}
{"timestamp":"2026-06-03T11:19:19.723901Z","level":"info","event":"\t|      default     |   2   |   0   |   0   |   0   ||   2   |   0   |","logger":"airflow.task.hooks.airflow.providers.standard.hooks.subprocess.SubprocessHook","filename":"subprocess.py","lineno":99}
{"timestamp":"2026-06-03T11:19:19.723999Z","level":"info","event":"\t---------------------------------------------------------------------","logger":"airflow.task.hooks.airflow.providers.standard.hooks.subprocess.SubprocessHook","filename":"subprocess.py","lineno":99}
{"timestamp":"2026-06-03T11:19:19.724046Z","level":"info","event":":: retrieving :: org.apache.spark#spark-submit-parent-ae1739b8-7f2b-4bcf-ad69-4884cc38e8b7","logger":"airflow.task.hooks.airflow.providers.standard.hooks.subprocess.SubprocessHook","filename":"subprocess.py","lineno":99}
{"timestamp":"2026-06-03T11:19:19.739868Z","level":"info","event":"\tconfs: [default]","logger":"airflow.task.hooks.airflow.providers.standard.hooks.subprocess.SubprocessHook","filename":"subprocess.py","lineno":99}
{"timestamp":"2026-06-03T11:19:19.740040Z","level":"info","event":"\t0 artifacts copied, 2 already retrieved (0kB/66ms)","logger":"airflow.task.hooks.airflow.providers.standard.hooks.subprocess.SubprocessHook","filename":"subprocess.py","lineno":99}
{"timestamp":"2026-06-03T11:19:24.010128Z","level":"info","event":"26/06/03 16:49:23 WARN NativeCodeLoader: Unable to load native-hadoop library for your platform... using builtin-java classes where applicable","logger":"airflow.task.hooks.airflow.providers.standard.hooks.subprocess.SubprocessHook","filename":"subprocess.py","lineno":99}
{"timestamp":"2026-06-03T11:19:26.780361Z","level":"info","event":"Setting default log level to \"WARN\".","logger":"airflow.task.hooks.airflow.providers.standard.hooks.subprocess.SubprocessHook","filename":"subprocess.py","lineno":99}
{"timestamp":"2026-06-03T11:19:26.784445Z","level":"info","event":"To adjust logging level use sc.setLogLevel(newLevel). For SparkR, use setLogLevel(newLevel).","logger":"airflow.task.hooks.airflow.providers.standard.hooks.subprocess.SubprocessHook","filename":"subprocess.py","lineno":99}
{"timestamp":"2026-06-03T11:19:41.145847Z","level":"info","event":"26/06/03 16:49:40 WARN Utils: Service 'SparkUI' could not bind on port 4040. Attempting port 4041.","logger":"airflow.task.hooks.airflow.providers.standard.hooks.subprocess.SubprocessHook","filename":"subprocess.py","lineno":99}
{"timestamp":"2026-06-03T11:20:12.025813Z","level":"info","event":"26/06/03 16:50:11 WARN Executor: Issue communicating with driver in heartbeater","logger":"airflow.task.hooks.airflow.providers.standard.hooks.subprocess.SubprocessHook","filename":"subprocess.py","lineno":99}
{"timestamp":"2026-06-03T11:20:12.086468Z","level":"info","event":"org.apache.spark.SparkException: Exception thrown in awaitResult:","logger":"airflow.task.hooks.airflow.providers.standard.hooks.subprocess.SubprocessHook","filename":"subprocess.py","lineno":99}
{"timestamp":"2026-06-03T11:20:12.086982Z","level":"info","event":"\tat org.apache.spark.util.SparkThreadUtils$.awaitResult(SparkThreadUtils.scala:56)","logger":"airflow.task.hooks.airflow.providers.standard.hooks.subprocess.SubprocessHook","filename":"subprocess.py","lineno":99}
{"timestamp":"2026-06-03T11:20:12.087260Z","level":"info","event":"\tat org.apache.spark.util.ThreadUtils$.awaitResult(ThreadUtils.scala:310)","logger":"airflow.task.hooks.airflow.providers.standard.hooks.subprocess.SubprocessHook","filename":"subprocess.py","lineno":99}
{"timestamp":"2026-06-03T11:20:12.087869Z","level":"info","event":"\tat org.apache.spark.rpc.RpcTimeout.awaitResult(RpcTimeout.scala:75)","logger":"airflow.task.hooks.airflow.providers.standard.hooks.subprocess.SubprocessHook","filename":"subprocess.py","lineno":99}
{"timestamp":"2026-06-03T11:20:12.088148Z","level":"info","event":"\tat org.apache.spark.rpc.RpcEndpointRef.askSync(RpcEndpointRef.scala:101)","logger":"airflow.task.hooks.airflow.providers.standard.hooks.subprocess.SubprocessHook","filename":"subprocess.py","lineno":99}
{"timestamp":"2026-06-03T11:20:12.088360Z","level":"info","event":"\tat org.apache.spark.rpc.RpcEndpointRef.askSync(RpcEndpointRef.scala:85)","logger":"airflow.task.hooks.airflow.providers.standard.hooks.subprocess.SubprocessHook","filename":"subprocess.py","lineno":99}
{"timestamp":"2026-06-03T11:20:12.088446Z","level":"info","event":"\tat org.apache.spark.storage.BlockManagerMaster.registerBlockManager(BlockManagerMaster.scala:80)","logger":"airflow.task.hooks.airflow.providers.standard.hooks.subprocess.SubprocessHook","filename":"subprocess.py","lineno":99}
{"timestamp":"2026-06-03T11:20:12.090473Z","level":"info","event":"\tat org.apache.spark.storage.BlockManager.reregister(BlockManager.scala:642)","logger":"airflow.task.hooks.airflow.providers.standard.hooks.subprocess.SubprocessHook","filename":"subprocess.py","lineno":99}
{"timestamp":"2026-06-03T11:20:12.090933Z","level":"info","event":"\tat org.apache.spark.executor.Executor.reportHeartBeat(Executor.scala:1223)","logger":"airflow.task.hooks.airflow.providers.standard.hooks.subprocess.SubprocessHook","filename":"subprocess.py","lineno":99}
{"timestamp":"2026-06-03T11:20:12.091014Z","level":"info","event":"\tat org.apache.spark.executor.Executor.$anonfun$heartbeater$1(Executor.scala:295)","logger":"airflow.task.hooks.airflow.providers.standard.hooks.subprocess.SubprocessHook","filename":"subprocess.py","lineno":99}
{"timestamp":"2026-06-03T11:20:12.091072Z","level":"info","event":"\tat scala.runtime.java8.JFunction0$mcV$sp.apply(JFunction0$mcV$sp.java:23)","logger":"airflow.task.hooks.airflow.providers.standard.hooks.subprocess.SubprocessHook","filename":"subprocess.py","lineno":99}
{"timestamp":"2026-06-03T11:20:12.091116Z","level":"info","event":"\tat org.apache.spark.util.Utils$.logUncaughtExceptions(Utils.scala:1928)","logger":"airflow.task.hooks.airflow.providers.standard.hooks.subprocess.SubprocessHook","filename":"subprocess.py","lineno":99}
{"timestamp":"2026-06-03T11:20:12.091157Z","level":"info","event":"\tat org.apache.spark.Heartbeater$$anon$1.run(Heartbeater.scala:46)","logger":"airflow.task.hooks.airflow.providers.standard.hooks.subprocess.SubprocessHook","filename":"subprocess.py","lineno":99}
{"timestamp":"2026-06-03T11:20:12.091212Z","level":"info","event":"\tat java.base/java.util.concurrent.Executors$RunnableAdapter.call(Executors.java:515)","logger":"airflow.task.hooks.airflow.providers.standard.hooks.subprocess.SubprocessHook","filename":"subprocess.py","lineno":99}
{"timestamp":"2026-06-03T11:20:12.091956Z","level":"info","event":"\tat java.base/java.util.concurrent.FutureTask.runAndReset(FutureTask.java:305)","logger":"airflow.task.hooks.airflow.providers.standard.hooks.subprocess.SubprocessHook","filename":"subprocess.py","lineno":99}
{"timestamp":"2026-06-03T11:20:12.093019Z","level":"info","event":"\tat java.base/java.util.concurrent.ScheduledThreadPoolExecutor$ScheduledFutureTask.run(ScheduledThreadPoolExecutor.java:305)","logger":"airflow.task.hooks.airflow.providers.standard.hooks.subprocess.SubprocessHook","filename":"subprocess.py","lineno":99}
{"timestamp":"2026-06-03T11:20:12.098445Z","level":"info","event":"\tat java.base/java.util.concurrent.ThreadPoolExecutor.runWorker(ThreadPoolExecutor.java:1128)","logger":"airflow.task.hooks.airflow.providers.standard.hooks.subprocess.SubprocessHook","filename":"subprocess.py","lineno":99}
{"timestamp":"2026-06-03T11:20:12.098565Z","level":"info","event":"\tat java.base/java.util.concurrent.ThreadPoolExecutor$Worker.run(ThreadPoolExecutor.java:628)","logger":"airflow.task.hooks.airflow.providers.standard.hooks.subprocess.SubprocessHook","filename":"subprocess.py","lineno":99}
{"timestamp":"2026-06-03T11:20:12.098615Z","level":"info","event":"\tat java.base/java.lang.Thread.run(Thread.java:829)","logger":"airflow.task.hooks.airflow.providers.standard.hooks.subprocess.SubprocessHook","filename":"subprocess.py","lineno":99}
{"timestamp":"2026-06-03T11:20:12.099191Z","level":"info","event":"Caused by: org.apache.spark.SparkException: Exception thrown in awaitResult:","logger":"airflow.task.hooks.airflow.providers.standard.hooks.subprocess.SubprocessHook","filename":"subprocess.py","lineno":99}
{"timestamp":"2026-06-03T11:20:12.099357Z","level":"info","event":"\tat org.apache.spark.util.SparkThreadUtils$.awaitResult(SparkThreadUtils.scala:56)","logger":"airflow.task.hooks.airflow.providers.standard.hooks.subprocess.SubprocessHook","filename":"subprocess.py","lineno":99}
{"timestamp":"2026-06-03T11:20:12.099412Z","level":"info","event":"\tat org.apache.spark.util.ThreadUtils$.awaitResult(ThreadUtils.scala:310)","logger":"airflow.task.hooks.airflow.providers.standard.hooks.subprocess.SubprocessHook","filename":"subprocess.py","lineno":99}
{"timestamp":"2026-06-03T11:20:12.099458Z","level":"info","event":"\tat org.apache.spark.rpc.RpcTimeout.awaitResult(RpcTimeout.scala:75)","logger":"airflow.task.hooks.airflow.providers.standard.hooks.subprocess.SubprocessHook","filename":"subprocess.py","lineno":99}
{"timestamp":"2026-06-03T11:20:12.099516Z","level":"info","event":"\tat org.apache.spark.rpc.RpcEnv.setupEndpointRefByURI(RpcEnv.scala:102)","logger":"airflow.task.hooks.airflow.providers.standard.hooks.subprocess.SubprocessHook","filename":"subprocess.py","lineno":99}
{"timestamp":"2026-06-03T11:20:12.099559Z","level":"info","event":"\tat org.apache.spark.rpc.RpcEnv.setupEndpointRef(RpcEnv.scala:110)","logger":"airflow.task.hooks.airflow.providers.standard.hooks.subprocess.SubprocessHook","filename":"subprocess.py","lineno":99}
{"timestamp":"2026-06-03T11:20:12.100478Z","level":"info","event":"\tat org.apache.spark.util.RpcUtils$.makeDriverRef(RpcUtils.scala:36)","logger":"airflow.task.hooks.airflow.providers.standard.hooks.subprocess.SubprocessHook","filename":"subprocess.py","lineno":99}
{"timestamp":"2026-06-03T11:20:12.100526Z","level":"info","event":"\tat org.apache.spark.storage.BlockManagerMasterEndpoint.driverEndpoint$lzycompute(BlockManagerMasterEndpoint.scala:124)","logger":"airflow.task.hooks.airflow.providers.standard.hooks.subprocess.SubprocessHook","filename":"subprocess.py","lineno":99}
{"timestamp":"2026-06-03T11:20:12.100572Z","level":"info","event":"\tat org.apache.spark.storage.BlockManagerMasterEndpoint.org$apache$spark$storage$BlockManagerMasterEndpoint$$driverEndpoint(BlockManagerMasterEndpoint.scala:123)","logger":"airflow.task.hooks.airflow.providers.standard.hooks.subprocess.SubprocessHook","filename":"subprocess.py","lineno":99}
{"timestamp":"2026-06-03T11:20:12.100644Z","level":"info","event":"\tat org.apache.spark.storage.BlockManagerMasterEndpoint.isExecutorAlive$lzycompute$1(BlockManagerMasterEndpoint.scala:688)","logger":"airflow.task.hooks.airflow.providers.standard.hooks.subprocess.SubprocessHook","filename":"subprocess.py","lineno":99}
{"timestamp":"2026-06-03T11:20:12.193806Z","level":"info","event":"\tat org.apache.spark.storage.BlockManagerMasterEndpoint.isExecutorAlive$1(BlockManagerMasterEndpoint.scala:687)","logger":"airflow.task.hooks.airflow.providers.standard.hooks.subprocess.SubprocessHook","filename":"subprocess.py","lineno":99}
{"timestamp":"2026-06-03T11:20:12.194978Z","level":"info","event":"\tat org.apache.spark.storage.BlockManagerMasterEndpoint.org$apache$spark$storage$BlockManagerMasterEndpoint$$register(BlockManagerMasterEndpoint.scala:725)","logger":"airflow.task.hooks.airflow.providers.standard.hooks.subprocess.SubprocessHook","filename":"subprocess.py","lineno":99}
{"timestamp":"2026-06-03T11:20:12.195101Z","level":"info","event":"\tat org.apache.spark.storage.BlockManagerMasterEndpoint$$anonfun$receiveAndReply$1.applyOrElse(BlockManagerMasterEndpoint.scala:133)","logger":"airflow.task.hooks.airflow.providers.standard.hooks.subprocess.SubprocessHook","filename":"subprocess.py","lineno":99}
{"timestamp":"2026-06-03T11:20:12.195663Z","level":"info","event":"\tat org.apache.spark.rpc.netty.Inbox.$anonfun$process$1(Inbox.scala:103)","logger":"airflow.task.hooks.airflow.providers.standard.hooks.subprocess.SubprocessHook","filename":"subprocess.py","lineno":99}
{"timestamp":"2026-06-03T11:20:12.195807Z","level":"info","event":"\tat org.apache.spark.rpc.netty.Inbox.safelyCall(Inbox.scala:213)","logger":"airflow.task.hooks.airflow.providers.standard.hooks.subprocess.SubprocessHook","filename":"subprocess.py","lineno":99}
{"timestamp":"2026-06-03T11:20:12.195855Z","level":"info","event":"\tat org.apache.spark.rpc.netty.Inbox.process(Inbox.scala:100)","logger":"airflow.task.hooks.airflow.providers.standard.hooks.subprocess.SubprocessHook","filename":"subprocess.py","lineno":99}
{"timestamp":"2026-06-03T11:20:12.195898Z","level":"info","event":"\tat org.apache.spark.rpc.netty.MessageLoop.org$apache$spark$rpc$netty$MessageLoop$$receiveLoop(MessageLoop.scala:75)","logger":"airflow.task.hooks.airflow.providers.standard.hooks.subprocess.SubprocessHook","filename":"subprocess.py","lineno":99}
{"timestamp":"2026-06-03T11:20:12.195959Z","level":"info","event":"\tat org.apache.spark.rpc.netty.MessageLoop$$anon$1.run(MessageLoop.scala:41)","logger":"airflow.task.hooks.airflow.providers.standard.hooks.subprocess.SubprocessHook","filename":"subprocess.py","lineno":99}
{"timestamp":"2026-06-03T11:20:12.196001Z","level":"info","event":"\t... 3 more","logger":"airflow.task.hooks.airflow.providers.standard.hooks.subprocess.SubprocessHook","filename":"subprocess.py","lineno":99}
{"timestamp":"2026-06-03T11:20:12.196044Z","level":"info","event":"Caused by: org.apache.spark.rpc.RpcEndpointNotFoundException: Cannot find endpoint: spark://CoarseGrainedScheduler@localhost:53471","logger":"airflow.task.hooks.airflow.providers.standard.hooks.subprocess.SubprocessHook","filename":"subprocess.py","lineno":99}
{"timestamp":"2026-06-03T11:20:12.196086Z","level":"info","event":"\tat org.apache.spark.rpc.netty.NettyRpcEnv.$anonfun$asyncSetupEndpointRefByURI$1(NettyRpcEnv.scala:148)","logger":"airflow.task.hooks.airflow.providers.standard.hooks.subprocess.SubprocessHook","filename":"subprocess.py","lineno":99}
{"timestamp":"2026-06-03T11:20:12.196147Z","level":"info","event":"\tat org.apache.spark.rpc.netty.NettyRpcEnv.$anonfun$asyncSetupEndpointRefByURI$1$adapted(NettyRpcEnv.scala:144)","logger":"airflow.task.hooks.airflow.providers.standard.hooks.subprocess.SubprocessHook","filename":"subprocess.py","lineno":99}
{"timestamp":"2026-06-03T11:20:12.196189Z","level":"info","event":"\tat scala.concurrent.Future.$anonfun$flatMap$1(Future.scala:307)","logger":"airflow.task.hooks.airflow.providers.standard.hooks.subprocess.SubprocessHook","filename":"subprocess.py","lineno":99}
{"timestamp":"2026-06-03T11:20:12.196229Z","level":"info","event":"\tat scala.concurrent.impl.Promise.$anonfun$transformWith$1(Promise.scala:41)","logger":"airflow.task.hooks.airflow.providers.standard.hooks.subprocess.SubprocessHook","filename":"subprocess.py","lineno":99}
{"timestamp":"2026-06-03T11:20:12.249507Z","level":"info","event":"\tat scala.concurrent.impl.CallbackRunnable.run(Promise.scala:64)","logger":"airflow.task.hooks.airflow.providers.standard.hooks.subprocess.SubprocessHook","filename":"subprocess.py","lineno":99}
{"timestamp":"2026-06-03T11:20:12.249826Z","level":"info","event":"\tat org.apache.spark.util.ThreadUtils$$anon$1.execute(ThreadUtils.scala:99)","logger":"airflow.task.hooks.airflow.providers.standard.hooks.subprocess.SubprocessHook","filename":"subprocess.py","lineno":99}
{"timestamp":"2026-06-03T11:20:12.249889Z","level":"info","event":"\tat scala.concurrent.impl.ExecutionContextImpl$$anon$4.execute(ExecutionContextImpl.scala:138)","logger":"airflow.task.hooks.airflow.providers.standard.hooks.subprocess.SubprocessHook","filename":"subprocess.py","lineno":99}
{"timestamp":"2026-06-03T11:20:12.249936Z","level":"info","event":"\tat scala.concurrent.impl.CallbackRunnable.executeWithValue(Promise.scala:72)","logger":"airflow.task.hooks.airflow.providers.standard.hooks.subprocess.SubprocessHook","filename":"subprocess.py","lineno":99}
{"timestamp":"2026-06-03T11:20:12.250038Z","level":"info","event":"\tat scala.concurrent.impl.Promise$DefaultPromise.dispatchOrAddCallback(Promise.scala:316)","logger":"airflow.task.hooks.airflow.providers.standard.hooks.subprocess.SubprocessHook","filename":"subprocess.py","lineno":99}
{"timestamp":"2026-06-03T11:20:12.250569Z","level":"info","event":"\tat scala.concurrent.impl.Promise$DefaultPromise.onComplete(Promise.scala:307)","logger":"airflow.task.hooks.airflow.providers.standard.hooks.subprocess.SubprocessHook","filename":"subprocess.py","lineno":99}
{"timestamp":"2026-06-03T11:20:12.250668Z","level":"info","event":"\tat scala.concurrent.impl.Promise.transformWith(Promise.scala:40)","logger":"airflow.task.hooks.airflow.providers.standard.hooks.subprocess.SubprocessHook","filename":"subprocess.py","lineno":99}
{"timestamp":"2026-06-03T11:20:12.250710Z","level":"info","event":"\tat scala.concurrent.impl.Promise.transformWith$(Promise.scala:38)","logger":"airflow.task.hooks.airflow.providers.standard.hooks.subprocess.SubprocessHook","filename":"subprocess.py","lineno":99}
{"timestamp":"2026-06-03T11:20:12.250751Z","level":"info","event":"\tat scala.concurrent.impl.Promise$DefaultPromise.transformWith(Promise.scala:187)","logger":"airflow.task.hooks.airflow.providers.standard.hooks.subprocess.SubprocessHook","filename":"subprocess.py","lineno":99}
{"timestamp":"2026-06-03T11:20:12.250792Z","level":"info","event":"\tat scala.concurrent.Future.flatMap(Future.scala:306)","logger":"airflow.task.hooks.airflow.providers.standard.hooks.subprocess.SubprocessHook","filename":"subprocess.py","lineno":99}
{"timestamp":"2026-06-03T11:20:12.250835Z","level":"info","event":"\tat scala.concurrent.Future.flatMap$(Future.scala:306)","logger":"airflow.task.hooks.airflow.providers.standard.hooks.subprocess.SubprocessHook","filename":"subprocess.py","lineno":99}
{"timestamp":"2026-06-03T11:20:12.250875Z","level":"info","event":"\tat scala.concurrent.impl.Promise$DefaultPromise.flatMap(Promise.scala:187)","logger":"airflow.task.hooks.airflow.providers.standard.hooks.subprocess.SubprocessHook","filename":"subprocess.py","lineno":99}
{"timestamp":"2026-06-03T11:20:12.250916Z","level":"info","event":"\tat org.apache.spark.rpc.netty.NettyRpcEnv.asyncSetupEndpointRefByURI(NettyRpcEnv.scala:150)","logger":"airflow.task.hooks.airflow.providers.standard.hooks.subprocess.SubprocessHook","filename":"subprocess.py","lineno":99}
{"timestamp":"2026-06-03T11:20:12.250958Z","level":"info","event":"\t... 17 more","logger":"airflow.task.hooks.airflow.providers.standard.hooks.subprocess.SubprocessHook","filename":"subprocess.py","lineno":99}
{"timestamp":"2026-06-03T11:20:12.250999Z","level":"info","event":"26/06/03 16:50:11 ERROR Inbox: Ignoring error","logger":"airflow.task.hooks.airflow.providers.standard.hooks.subprocess.SubprocessHook","filename":"subprocess.py","lineno":99}
{"timestamp":"2026-06-03T11:20:12.306817Z","level":"info","event":"org.apache.spark.SparkException: Exception thrown in awaitResult:","logger":"airflow.task.hooks.airflow.providers.standard.hooks.subprocess.SubprocessHook","filename":"subprocess.py","lineno":99}
{"timestamp":"2026-06-03T11:20:12.307003Z","level":"info","event":"\tat org.apache.spark.util.SparkThreadUtils$.awaitResult(SparkThreadUtils.scala:56)","logger":"airflow.task.hooks.airflow.providers.standard.hooks.subprocess.SubprocessHook","filename":"subprocess.py","lineno":99}
{"timestamp":"2026-06-03T11:20:12.307068Z","level":"info","event":"\tat org.apache.spark.util.ThreadUtils$.awaitResult(ThreadUtils.scala:310)","logger":"airflow.task.hooks.airflow.providers.standard.hooks.subprocess.SubprocessHook","filename":"subprocess.py","lineno":99}
{"timestamp":"2026-06-03T11:20:12.307215Z","level":"info","event":"\tat org.apache.spark.rpc.RpcTimeout.awaitResult(RpcTimeout.scala:75)","logger":"airflow.task.hooks.airflow.providers.standard.hooks.subprocess.SubprocessHook","filename":"subprocess.py","lineno":99}
{"timestamp":"2026-06-03T11:20:12.307413Z","level":"info","event":"\tat org.apache.spark.rpc.RpcEnv.setupEndpointRefByURI(RpcEnv.scala:102)","logger":"airflow.task.hooks.airflow.providers.standard.hooks.subprocess.SubprocessHook","filename":"subprocess.py","lineno":99}
{"timestamp":"2026-06-03T11:20:12.307679Z","level":"info","event":"\tat org.apache.spark.rpc.RpcEnv.setupEndpointRef(RpcEnv.scala:110)","logger":"airflow.task.hooks.airflow.providers.standard.hooks.subprocess.SubprocessHook","filename":"subprocess.py","lineno":99}
{"timestamp":"2026-06-03T11:20:12.308288Z","level":"info","event":"\tat org.apache.spark.util.RpcUtils$.makeDriverRef(RpcUtils.scala:36)","logger":"airflow.task.hooks.airflow.providers.standard.hooks.subprocess.SubprocessHook","filename":"subprocess.py","lineno":99}
{"timestamp":"2026-06-03T11:20:12.308386Z","level":"info","event":"\tat org.apache.spark.storage.BlockManagerMasterEndpoint.driverEndpoint$lzycompute(BlockManagerMasterEndpoint.scala:124)","logger":"airflow.task.hooks.airflow.providers.standard.hooks.subprocess.SubprocessHook","filename":"subprocess.py","lineno":99}
{"timestamp":"2026-06-03T11:20:12.308533Z","level":"info","event":"\tat org.apache.spark.storage.BlockManagerMasterEndpoint.org$apache$spark$storage$BlockManagerMasterEndpoint$$driverEndpoint(BlockManagerMasterEndpoint.scala:123)","logger":"airflow.task.hooks.airflow.providers.standard.hooks.subprocess.SubprocessHook","filename":"subprocess.py","lineno":99}
{"timestamp":"2026-06-03T11:20:12.309354Z","level":"info","event":"\tat org.apache.spark.storage.BlockManagerMasterEndpoint.isExecutorAlive$lzycompute$1(BlockManagerMasterEndpoint.scala:688)","logger":"airflow.task.hooks.airflow.providers.standard.hooks.subprocess.SubprocessHook","filename":"subprocess.py","lineno":99}
{"timestamp":"2026-06-03T11:20:12.309573Z","level":"info","event":"\tat org.apache.spark.storage.BlockManagerMasterEndpoint.isExecutorAlive$1(BlockManagerMasterEndpoint.scala:687)","logger":"airflow.task.hooks.airflow.providers.standard.hooks.subprocess.SubprocessHook","filename":"subprocess.py","lineno":99}
{"timestamp":"2026-06-03T11:20:12.309786Z","level":"info","event":"\tat org.apache.spark.storage.BlockManagerMasterEndpoint.org$apache$spark$storage$BlockManagerMasterEndpoint$$register(BlockManagerMasterEndpoint.scala:725)","logger":"airflow.task.hooks.airflow.providers.standard.hooks.subprocess.SubprocessHook","filename":"subprocess.py","lineno":99}
{"timestamp":"2026-06-03T11:20:12.310263Z","level":"info","event":"\tat org.apache.spark.storage.BlockManagerMasterEndpoint$$anonfun$receiveAndReply$1.applyOrElse(BlockManagerMasterEndpoint.scala:133)","logger":"airflow.task.hooks.airflow.providers.standard.hooks.subprocess.SubprocessHook","filename":"subprocess.py","lineno":99}
{"timestamp":"2026-06-03T11:20:12.312030Z","level":"info","event":"\tat org.apache.spark.rpc.netty.Inbox.$anonfun$process$1(Inbox.scala:103)","logger":"airflow.task.hooks.airflow.providers.standard.hooks.subprocess.SubprocessHook","filename":"subprocess.py","lineno":99}
{"timestamp":"2026-06-03T11:20:12.349674Z","level":"info","event":"\tat org.apache.spark.rpc.netty.Inbox.safelyCall(Inbox.scala:213)","logger":"airflow.task.hooks.airflow.providers.standard.hooks.subprocess.SubprocessHook","filename":"subprocess.py","lineno":99}
{"timestamp":"2026-06-03T11:20:12.351290Z","level":"info","event":"\tat org.apache.spark.rpc.netty.Inbox.process(Inbox.scala:100)","logger":"airflow.task.hooks.airflow.providers.standard.hooks.subprocess.SubprocessHook","filename":"subprocess.py","lineno":99}
{"timestamp":"2026-06-03T11:20:12.351688Z","level":"info","event":"\tat org.apache.spark.rpc.netty.MessageLoop.org$apache$spark$rpc$netty$MessageLoop$$receiveLoop(MessageLoop.scala:75)","logger":"airflow.task.hooks.airflow.providers.standard.hooks.subprocess.SubprocessHook","filename":"subprocess.py","lineno":99}
{"timestamp":"2026-06-03T11:20:12.351792Z","level":"info","event":"\tat org.apache.spark.rpc.netty.MessageLoop$$anon$1.run(MessageLoop.scala:41)","logger":"airflow.task.hooks.airflow.providers.standard.hooks.subprocess.SubprocessHook","filename":"subprocess.py","lineno":99}
{"timestamp":"2026-06-03T11:20:12.352135Z","level":"info","event":"\tat java.base/java.util.concurrent.ThreadPoolExecutor.runWorker(ThreadPoolExecutor.java:1128)","logger":"airflow.task.hooks.airflow.providers.standard.hooks.subprocess.SubprocessHook","filename":"subprocess.py","lineno":99}
{"timestamp":"2026-06-03T11:20:12.352189Z","level":"info","event":"\tat java.base/java.util.concurrent.ThreadPoolExecutor$Worker.run(ThreadPoolExecutor.java:628)","logger":"airflow.task.hooks.airflow.providers.standard.hooks.subprocess.SubprocessHook","filename":"subprocess.py","lineno":99}
{"timestamp":"2026-06-03T11:20:12.353185Z","level":"info","event":"\tat java.base/java.lang.Thread.run(Thread.java:829)","logger":"airflow.task.hooks.airflow.providers.standard.hooks.subprocess.SubprocessHook","filename":"subprocess.py","lineno":99}
{"timestamp":"2026-06-03T11:20:12.354701Z","level":"info","event":"Caused by: org.apache.spark.rpc.RpcEndpointNotFoundException: Cannot find endpoint: spark://CoarseGrainedScheduler@localhost:53471","logger":"airflow.task.hooks.airflow.providers.standard.hooks.subprocess.SubprocessHook","filename":"subprocess.py","lineno":99}
{"timestamp":"2026-06-03T11:20:12.355100Z","level":"info","event":"\tat org.apache.spark.rpc.netty.NettyRpcEnv.$anonfun$asyncSetupEndpointRefByURI$1(NettyRpcEnv.scala:148)","logger":"airflow.task.hooks.airflow.providers.standard.hooks.subprocess.SubprocessHook","filename":"subprocess.py","lineno":99}
{"timestamp":"2026-06-03T11:20:12.355283Z","level":"info","event":"\tat org.apache.spark.rpc.netty.NettyRpcEnv.$anonfun$asyncSetupEndpointRefByURI$1$adapted(NettyRpcEnv.scala:144)","logger":"airflow.task.hooks.airflow.providers.standard.hooks.subprocess.SubprocessHook","filename":"subprocess.py","lineno":99}
{"timestamp":"2026-06-03T11:20:12.356938Z","level":"info","event":"\tat scala.concurrent.Future.$anonfun$flatMap$1(Future.scala:307)","logger":"airflow.task.hooks.airflow.providers.standard.hooks.subprocess.SubprocessHook","filename":"subprocess.py","lineno":99}
{"timestamp":"2026-06-03T11:20:12.357025Z","level":"info","event":"\tat scala.concurrent.impl.Promise.$anonfun$transformWith$1(Promise.scala:41)","logger":"airflow.task.hooks.airflow.providers.standard.hooks.subprocess.SubprocessHook","filename":"subprocess.py","lineno":99}
{"timestamp":"2026-06-03T11:20:12.357085Z","level":"info","event":"\tat scala.concurrent.impl.CallbackRunnable.run(Promise.scala:64)","logger":"airflow.task.hooks.airflow.providers.standard.hooks.subprocess.SubprocessHook","filename":"subprocess.py","lineno":99}
{"timestamp":"2026-06-03T11:20:12.357134Z","level":"info","event":"\tat org.apache.spark.util.ThreadUtils$$anon$1.execute(ThreadUtils.scala:99)","logger":"airflow.task.hooks.airflow.providers.standard.hooks.subprocess.SubprocessHook","filename":"subprocess.py","lineno":99}
{"timestamp":"2026-06-03T11:20:12.437982Z","level":"info","event":"\tat scala.concurrent.impl.ExecutionContextImpl$$anon$4.execute(ExecutionContextImpl.scala:138)","logger":"airflow.task.hooks.airflow.providers.standard.hooks.subprocess.SubprocessHook","filename":"subprocess.py","lineno":99}
{"timestamp":"2026-06-03T11:20:12.440149Z","level":"info","event":"\tat scala.concurrent.impl.CallbackRunnable.executeWithValue(Promise.scala:72)","logger":"airflow.task.hooks.airflow.providers.standard.hooks.subprocess.SubprocessHook","filename":"subprocess.py","lineno":99}
{"timestamp":"2026-06-03T11:20:12.440244Z","level":"info","event":"\tat scala.concurrent.impl.Promise$DefaultPromise.dispatchOrAddCallback(Promise.scala:316)","logger":"airflow.task.hooks.airflow.providers.standard.hooks.subprocess.SubprocessHook","filename":"subprocess.py","lineno":99}
{"timestamp":"2026-06-03T11:20:12.440297Z","level":"info","event":"\tat scala.concurrent.impl.Promise$DefaultPromise.onComplete(Promise.scala:307)","logger":"airflow.task.hooks.airflow.providers.standard.hooks.subprocess.SubprocessHook","filename":"subprocess.py","lineno":99}
{"timestamp":"2026-06-03T11:20:12.440345Z","level":"info","event":"\tat scala.concurrent.impl.Promise.transformWith(Promise.scala:40)","logger":"airflow.task.hooks.airflow.providers.standard.hooks.subprocess.SubprocessHook","filename":"subprocess.py","lineno":99}
{"timestamp":"2026-06-03T11:20:12.440478Z","level":"info","event":"\tat scala.concurrent.impl.Promise.transformWith$(Promise.scala:38)","logger":"airflow.task.hooks.airflow.providers.standard.hooks.subprocess.SubprocessHook","filename":"subprocess.py","lineno":99}
{"timestamp":"2026-06-03T11:20:12.440544Z","level":"info","event":"\tat scala.concurrent.impl.Promise$DefaultPromise.transformWith(Promise.scala:187)","logger":"airflow.task.hooks.airflow.providers.standard.hooks.subprocess.SubprocessHook","filename":"subprocess.py","lineno":99}
{"timestamp":"2026-06-03T11:20:12.440595Z","level":"info","event":"\tat scala.concurrent.Future.flatMap(Future.scala:306)","logger":"airflow.task.hooks.airflow.providers.standard.hooks.subprocess.SubprocessHook","filename":"subprocess.py","lineno":99}
{"timestamp":"2026-06-03T11:20:12.441724Z","level":"info","event":"\tat scala.concurrent.Future.flatMap$(Future.scala:306)","logger":"airflow.task.hooks.airflow.providers.standard.hooks.subprocess.SubprocessHook","filename":"subprocess.py","lineno":99}
{"timestamp":"2026-06-03T11:20:12.441874Z","level":"info","event":"\tat scala.concurrent.impl.Promise$DefaultPromise.flatMap(Promise.scala:187)","logger":"airflow.task.hooks.airflow.providers.standard.hooks.subprocess.SubprocessHook","filename":"subprocess.py","lineno":99}
{"timestamp":"2026-06-03T11:20:12.441921Z","level":"info","event":"\tat org.apache.spark.rpc.netty.NettyRpcEnv.asyncSetupEndpointRefByURI(NettyRpcEnv.scala:150)","logger":"airflow.task.hooks.airflow.providers.standard.hooks.subprocess.SubprocessHook","filename":"subprocess.py","lineno":99}
{"timestamp":"2026-06-03T11:20:12.441990Z","level":"info","event":"\t... 17 more","logger":"airflow.task.hooks.airflow.providers.standard.hooks.subprocess.SubprocessHook","filename":"subprocess.py","lineno":99}
{"timestamp":"2026-06-03T11:22:31.711775Z","level":"info","event":"\r[Stage 0:>                                                          (0 + 0) / 1]\r\r[Stage 0:>                  (0 + 0) / 1][Stage 1:>                  (0 + 0) / 1]\r\r[Stage 0:>                  (0 + 1) / 1][Stage 1:>                  (0 + 0) / 1]\r\r[Stage 0:>                  (0 + 1) / 1][Stage 1:>                  (0 + 1) / 1]\r\r[Stage 0:>                                                          (0 + 1) / 1]\r\r[Stage 0:>                  (0 + 1) / 1][Stage 3:>                  (0 + 1) / 1]\r\r                                                                                \r\r[Stage 0:>                                                          (0 + 1) / 1]\r\r[Stage 0:===========================================================(1 + 0) / 1]\r\r[Stage 5:>                                                          (0 + 0) / 1]\r\r[Stage 5:>                                                          (0 + 1) / 1]\r\r                                                                                \rStarting Gold Analytical Aggregation...","logger":"airflow.task.hooks.airflow.providers.standard.hooks.subprocess.SubprocessHook","filename":"subprocess.py","lineno":99}
{"timestamp":"2026-06-03T11:22:31.808898Z","level":"info","event":"Reading Silver tables from PostgreSQL...","logger":"airflow.task.hooks.airflow.providers.standard.hooks.subprocess.SubprocessHook","filename":"subprocess.py","lineno":99}
{"timestamp":"2026-06-03T11:22:31.809104Z","level":"info","event":"Performing Silver table join and metric aggregations...","logger":"airflow.task.hooks.airflow.providers.standard.hooks.subprocess.SubprocessHook","filename":"subprocess.py","lineno":99}
{"timestamp":"2026-06-03T11:22:31.809194Z","level":"info","event":"Writing Gold aggregations to PostgreSQL table 'gold_users_summary'...","logger":"airflow.task.hooks.airflow.providers.standard.hooks.subprocess.SubprocessHook","filename":"subprocess.py","lineno":99}
{"timestamp":"2026-06-03T11:22:31.809277Z","level":"info","event":"Gold analytical aggregations successfully written to database.","logger":"airflow.task.hooks.airflow.providers.standard.hooks.subprocess.SubprocessHook","filename":"subprocess.py","lineno":99}
{"timestamp":"2026-06-03T11:22:34.195877Z","level":"info","event":"Command exited with return code 0","logger":"airflow.task.hooks.airflow.providers.standard.hooks.subprocess.SubprocessHook","filename":"subprocess.py","lineno":103}
{"timestamp":"2026-06-03T11:22:34.337667Z","level":"info","event":"Pushing xcom","ti":"RuntimeTaskInstance(id=UUID('019e8d34-901d-7987-8af1-6bf3545c9616'), task_id='run_spark_gold_aggregation', dag_id='gold_aggregation_pipeline', run_id='manual__2026-06-03T11:18:11.543299+00:00', try_number=1, dag_version_id=UUID('019e8d1b-9adb-7e66-80cf-d10926358a4f'), map_index=-1, hostname='ashishs-macbook-air.local', context_carrier={'traceparent': '00-3b00dad5026d4e02f4877712fe3f0024-726af839a9dbf212-01'}, task=<Task(BashOperator): run_spark_gold_aggregation>, bundle_instance=LocalDagBundle(name=dags-folder), max_tries=1, start_date=datetime.datetime(2026, 6, 3, 11, 18, 21, 325019, tzinfo=datetime.timezone.utc), end_date=None, state=<TaskInstanceState.RUNNING: 'running'>, is_mapped=False, rendered_map_index=None, sentry_integration='')","logger":"task","filename":"task_runner.py","lineno":1724}
{"timestamp":"2026-06-03T11:22:37.710314Z","level":"info","event":"Task instance in success state","logger":"task.stdout"}
{"timestamp":"2026-06-03T11:22:37.731400Z","level":"info","event":" Previous state of the Task instance: TaskInstanceState.RUNNING","logger":"task.stdout"}
{"timestamp":"2026-06-03T11:22:37.760421Z","level":"info","event":"Task operator:<Task(BashOperator): run_spark_gold_aggregation>","logger":"task.stdout"}
