{"timestamp":"2026-06-03T11:04:59.579908Z","level":"info","event":"setup plugin alembic.autogenerate.schemas","logger":"alembic.runtime.plugins","filename":"plugins.py","lineno":37}
{"timestamp":"2026-06-03T11:04:59.580873Z","level":"info","event":"setup plugin alembic.autogenerate.tables","logger":"alembic.runtime.plugins","filename":"plugins.py","lineno":37}
{"timestamp":"2026-06-03T11:04:59.580994Z","level":"info","event":"setup plugin alembic.autogenerate.types","logger":"alembic.runtime.plugins","filename":"plugins.py","lineno":37}
{"timestamp":"2026-06-03T11:04:59.581238Z","level":"info","event":"setup plugin alembic.autogenerate.constraints","logger":"alembic.runtime.plugins","filename":"plugins.py","lineno":37}
{"timestamp":"2026-06-03T11:04:59.581353Z","level":"info","event":"setup plugin alembic.autogenerate.defaults","logger":"alembic.runtime.plugins","filename":"plugins.py","lineno":37}
{"timestamp":"2026-06-03T11:04:59.581447Z","level":"info","event":"setup plugin alembic.autogenerate.comments","logger":"alembic.runtime.plugins","filename":"plugins.py","lineno":37}
{"timestamp":"2026-06-03T11:05:02.839363Z","level":"info","event":"DAG bundles loaded: dags-folder, example_dags","logger":"airflow.dag_processing.bundles.manager.DagBundlesManager","filename":"manager.py","lineno":209}
{"timestamp":"2026-06-03T11:05:02.840295Z","level":"info","event":"Filling up the DagBag from /Users/ashish/Desktop/Data AI project/data-engineering/airflow/dags/medallion_pipeline_dag.py","logger":"airflow.dag_processing.dagbag.BundleDagBag","filename":"dagbag.py","lineno":469}
{"timestamp":"2026-06-03T11:05:02.924814Z","level":"warning","event":"The `airflow.operators.bash.BashOperator` attribute is deprecated. Please use `'airflow.providers.standard.operators.bash.BashOperator'`.","category":"UserWarning","filename":"/Users/ashish/Desktop/Data AI project/data-engineering/airflow/dags/medallion_pipeline_dag.py","lineno":4,"logger":"py.warnings"}
{"timestamp":"2026-06-03T11:05:03.124894Z","level":"info","event":"Task instance is in running state","logger":"task.stdout"}
{"timestamp":"2026-06-03T11:05:03.125455Z","level":"info","event":" Previous state of the Task instance: TaskInstanceState.QUEUED","logger":"task.stdout"}
{"timestamp":"2026-06-03T11:05:03.128593Z","level":"info","event":"Current task name:run_batch_ingestion","logger":"task.stdout"}
{"timestamp":"2026-06-03T11:05:03.128895Z","level":"info","event":"Dag name:medallion_pipeline","logger":"task.stdout"}
{"timestamp":"2026-06-03T11:05:03.143768Z","level":"info","event":"Tmp dir root location: /var/folders/_4/lmhj7pk15pn7zxxkljb4765m0000gn/T","logger":"airflow.task.hooks.airflow.providers.standard.hooks.subprocess.SubprocessHook","filename":"subprocess.py","lineno":78}
{"timestamp":"2026-06-03T11:05:03.146332Z","level":"info","event":"Running command: ['/bin/bash', '-c', '\"/Users/ashish/Desktop/Data AI project/data-engineering/venv/bin/python\" \"/Users/ashish/Desktop/Data AI project/data-engineering/spark/batch_ingestion.py\"']","logger":"airflow.task.hooks.airflow.providers.standard.hooks.subprocess.SubprocessHook","filename":"subprocess.py","lineno":80}
{"timestamp":"2026-06-03T11:05:03.164251Z","level":"info","event":"Output:","logger":"airflow.task.hooks.airflow.providers.standard.hooks.subprocess.SubprocessHook","filename":"subprocess.py","lineno":92}
{"timestamp":"2026-06-03T11:05:17.434306Z","level":"info","event":"Setting default log level to \"WARN\".","logger":"airflow.task.hooks.airflow.providers.standard.hooks.subprocess.SubprocessHook","filename":"subprocess.py","lineno":99}
{"timestamp":"2026-06-03T11:05:17.456006Z","level":"info","event":"To adjust logging level use sc.setLogLevel(newLevel). For SparkR, use setLogLevel(newLevel).","logger":"airflow.task.hooks.airflow.providers.standard.hooks.subprocess.SubprocessHook","filename":"subprocess.py","lineno":99}
{"timestamp":"2026-06-03T11:05:17.992798Z","level":"info","event":"26/06/03 16:35:17 WARN NativeCodeLoader: Unable to load native-hadoop library for your platform... using builtin-java classes where applicable","logger":"airflow.task.hooks.airflow.providers.standard.hooks.subprocess.SubprocessHook","filename":"subprocess.py","lineno":99}
{"timestamp":"2026-06-03T11:05:22.990238Z","level":"info","event":"26/06/03 16:35:22 WARN Utils: Service 'SparkUI' could not bind on port 4040. Attempting port 4041.","logger":"airflow.task.hooks.airflow.providers.standard.hooks.subprocess.SubprocessHook","filename":"subprocess.py","lineno":99}
{"timestamp":"2026-06-03T11:06:19.806198Z","level":"info","event":"\r[Stage 0:>                                                          (0 + 0) / 1]\r\r[Stage 0:>                                                          (0 + 1) / 1]\r\r                                                                                \r\r[Stage 2:>                                                          (0 + 2) / 2]\r\r                                                                                \rReading batch data from: /Users/ashish/Desktop/Data AI project/data-engineering/data/raw","logger":"airflow.task.hooks.airflow.providers.standard.hooks.subprocess.SubprocessHook","filename":"subprocess.py","lineno":99}
{"timestamp":"2026-06-03T11:06:19.852576Z","level":"info","event":"Writing to Bronze layer at: /Users/ashish/Desktop/Data AI project/data-engineering/data/bronze/batch_data","logger":"airflow.task.hooks.airflow.providers.standard.hooks.subprocess.SubprocessHook","filename":"subprocess.py","lineno":99}
{"timestamp":"2026-06-03T11:06:19.856032Z","level":"info","event":"Batch ingestion to Bronze completed successfully.","logger":"airflow.task.hooks.airflow.providers.standard.hooks.subprocess.SubprocessHook","filename":"subprocess.py","lineno":99}
{"timestamp":"2026-06-03T11:06:21.954954Z","level":"info","event":"Command exited with return code 0","logger":"airflow.task.hooks.airflow.providers.standard.hooks.subprocess.SubprocessHook","filename":"subprocess.py","lineno":103}
{"timestamp":"2026-06-03T11:06:22.010200Z","level":"info","event":"Pushing xcom","ti":"RuntimeTaskInstance(id=UUID('019e8d28-61e1-7056-be76-94a2151d9985'), task_id='run_batch_ingestion', dag_id='medallion_pipeline', run_id='manual__2026-06-03T11:04:54.475152+00:00', try_number=1, dag_version_id=UUID('019e8d1b-aae9-7b73-b29b-5fb6d1660f99'), map_index=-1, hostname='ashishs-macbook-air.local', context_carrier={'traceparent': '00-957782643da13ffa7c41d30bf113c708-bf5c94a5b86c3228-01'}, task=<Task(BashOperator): run_batch_ingestion>, bundle_instance=LocalDagBundle(name=dags-folder), max_tries=1, start_date=datetime.datetime(2026, 6, 3, 11, 4, 55, 726805, tzinfo=datetime.timezone.utc), end_date=None, state=<TaskInstanceState.RUNNING: 'running'>, is_mapped=False, rendered_map_index=None, sentry_integration='')","logger":"task","filename":"task_runner.py","lineno":1724}
{"timestamp":"2026-06-03T11:06:22.567989Z","level":"info","event":"Task instance in success state","logger":"task.stdout"}
{"timestamp":"2026-06-03T11:06:22.569681Z","level":"info","event":" Previous state of the Task instance: TaskInstanceState.RUNNING","logger":"task.stdout"}
{"timestamp":"2026-06-03T11:06:22.577366Z","level":"info","event":"Task operator:<Task(BashOperator): run_batch_ingestion>","logger":"task.stdout"}
