{"timestamp":"2026-06-03T11:14:00.505428Z","level":"info","event":"setup plugin alembic.autogenerate.schemas","logger":"alembic.runtime.plugins","filename":"plugins.py","lineno":37}
{"timestamp":"2026-06-03T11:14:00.505810Z","level":"info","event":"setup plugin alembic.autogenerate.tables","logger":"alembic.runtime.plugins","filename":"plugins.py","lineno":37}
{"timestamp":"2026-06-03T11:14:00.505921Z","level":"info","event":"setup plugin alembic.autogenerate.types","logger":"alembic.runtime.plugins","filename":"plugins.py","lineno":37}
{"timestamp":"2026-06-03T11:14:00.506011Z","level":"info","event":"setup plugin alembic.autogenerate.constraints","logger":"alembic.runtime.plugins","filename":"plugins.py","lineno":37}
{"timestamp":"2026-06-03T11:14:00.506095Z","level":"info","event":"setup plugin alembic.autogenerate.defaults","logger":"alembic.runtime.plugins","filename":"plugins.py","lineno":37}
{"timestamp":"2026-06-03T11:14:00.506182Z","level":"info","event":"setup plugin alembic.autogenerate.comments","logger":"alembic.runtime.plugins","filename":"plugins.py","lineno":37}
{"timestamp":"2026-06-03T11:14:01.734857Z","level":"info","event":"DAG bundles loaded: dags-folder, example_dags","logger":"airflow.dag_processing.bundles.manager.DagBundlesManager","filename":"manager.py","lineno":209}
{"timestamp":"2026-06-03T11:14:01.763359Z","level":"info","event":"Filling up the DagBag from /Users/ashish/Desktop/Data AI project/data-engineering/airflow/dags/medallion_pipeline_dag.py","logger":"airflow.dag_processing.dagbag.BundleDagBag","filename":"dagbag.py","lineno":469}
{"timestamp":"2026-06-03T11:14:01.852300Z","level":"warning","event":"The `airflow.operators.bash.BashOperator` attribute is deprecated. Please use `'airflow.providers.standard.operators.bash.BashOperator'`.","category":"UserWarning","filename":"/Users/ashish/Desktop/Data AI project/data-engineering/airflow/dags/medallion_pipeline_dag.py","lineno":4,"logger":"py.warnings"}
{"timestamp":"2026-06-03T11:14:02.070686Z","level":"info","event":"Task instance is in running state","logger":"task.stdout"}
{"timestamp":"2026-06-03T11:14:02.071185Z","level":"info","event":" Previous state of the Task instance: TaskInstanceState.QUEUED","logger":"task.stdout"}
{"timestamp":"2026-06-03T11:14:02.071355Z","level":"info","event":"Current task name:run_gold_aggregation","logger":"task.stdout"}
{"timestamp":"2026-06-03T11:14:02.071502Z","level":"info","event":"Dag name:medallion_pipeline","logger":"task.stdout"}
{"timestamp":"2026-06-03T11:14:02.071090Z","level":"info","event":"Tmp dir root location: /var/folders/_4/lmhj7pk15pn7zxxkljb4765m0000gn/T","logger":"airflow.task.hooks.airflow.providers.standard.hooks.subprocess.SubprocessHook","filename":"subprocess.py","lineno":78}
{"timestamp":"2026-06-03T11:14:02.073227Z","level":"info","event":"Running command: ['/bin/bash', '-c', '\"/Users/ashish/Desktop/Data AI project/data-engineering/venv/bin/python\" \"/Users/ashish/Desktop/Data AI project/data-engineering/spark/gold_aggregation.py\"']","logger":"airflow.task.hooks.airflow.providers.standard.hooks.subprocess.SubprocessHook","filename":"subprocess.py","lineno":80}
{"timestamp":"2026-06-03T11:14:02.084233Z","level":"info","event":"Output:","logger":"airflow.task.hooks.airflow.providers.standard.hooks.subprocess.SubprocessHook","filename":"subprocess.py","lineno":92}
{"timestamp":"2026-06-03T11:14:13.268651Z","level":"info","event":":: loading settings :: url = jar:file:/Users/ashish/spark3/spark-3.5.3-bin-hadoop3/jars/ivy-2.5.1.jar!/org/apache/ivy/core/settings/ivysettings.xml","logger":"airflow.task.hooks.airflow.providers.standard.hooks.subprocess.SubprocessHook","filename":"subprocess.py","lineno":99}
{"timestamp":"2026-06-03T11:14:13.643695Z","level":"info","event":"Ivy Default Cache set to: /Users/ashish/.ivy2/cache","logger":"airflow.task.hooks.airflow.providers.standard.hooks.subprocess.SubprocessHook","filename":"subprocess.py","lineno":99}
{"timestamp":"2026-06-03T11:14:13.645049Z","level":"info","event":"The jars for the packages stored in: /Users/ashish/.ivy2/jars","logger":"airflow.task.hooks.airflow.providers.standard.hooks.subprocess.SubprocessHook","filename":"subprocess.py","lineno":99}
{"timestamp":"2026-06-03T11:14:13.673811Z","level":"info","event":"org.postgresql#postgresql added as a dependency","logger":"airflow.task.hooks.airflow.providers.standard.hooks.subprocess.SubprocessHook","filename":"subprocess.py","lineno":99}
{"timestamp":"2026-06-03T11:14:13.679493Z","level":"info","event":":: resolving dependencies :: org.apache.spark#spark-submit-parent-1bcb59eb-c066-42fa-8c70-65e074e2f057;1.0","logger":"airflow.task.hooks.airflow.providers.standard.hooks.subprocess.SubprocessHook","filename":"subprocess.py","lineno":99}
{"timestamp":"2026-06-03T11:14:13.679755Z","level":"info","event":"\tconfs: [default]","logger":"airflow.task.hooks.airflow.providers.standard.hooks.subprocess.SubprocessHook","filename":"subprocess.py","lineno":99}
{"timestamp":"2026-06-03T11:14:14.080391Z","level":"info","event":"\tfound org.postgresql#postgresql;42.7.2 in central","logger":"airflow.task.hooks.airflow.providers.standard.hooks.subprocess.SubprocessHook","filename":"subprocess.py","lineno":99}
{"timestamp":"2026-06-03T11:14:14.176112Z","level":"info","event":"\tfound org.checkerframework#checker-qual;3.42.0 in central","logger":"airflow.task.hooks.airflow.providers.standard.hooks.subprocess.SubprocessHook","filename":"subprocess.py","lineno":99}
{"timestamp":"2026-06-03T11:14:14.202202Z","level":"info","event":":: resolution report :: resolve 514ms :: artifacts dl 9ms","logger":"airflow.task.hooks.airflow.providers.standard.hooks.subprocess.SubprocessHook","filename":"subprocess.py","lineno":99}
{"timestamp":"2026-06-03T11:14:14.210511Z","level":"info","event":"\t:: modules in use:","logger":"airflow.task.hooks.airflow.providers.standard.hooks.subprocess.SubprocessHook","filename":"subprocess.py","lineno":99}
{"timestamp":"2026-06-03T11:14:14.210658Z","level":"info","event":"\torg.checkerframework#checker-qual;3.42.0 from central in [default]","logger":"airflow.task.hooks.airflow.providers.standard.hooks.subprocess.SubprocessHook","filename":"subprocess.py","lineno":99}
{"timestamp":"2026-06-03T11:14:14.211690Z","level":"info","event":"\torg.postgresql#postgresql;42.7.2 from central in [default]","logger":"airflow.task.hooks.airflow.providers.standard.hooks.subprocess.SubprocessHook","filename":"subprocess.py","lineno":99}
{"timestamp":"2026-06-03T11:14:14.211802Z","level":"info","event":"\t---------------------------------------------------------------------","logger":"airflow.task.hooks.airflow.providers.standard.hooks.subprocess.SubprocessHook","filename":"subprocess.py","lineno":99}
{"timestamp":"2026-06-03T11:14:14.211849Z","level":"info","event":"\t|                  |            modules            ||   artifacts   |","logger":"airflow.task.hooks.airflow.providers.standard.hooks.subprocess.SubprocessHook","filename":"subprocess.py","lineno":99}
{"timestamp":"2026-06-03T11:14:14.211891Z","level":"info","event":"\t|       conf       | number| search|dwnlded|evicted|| number|dwnlded|","logger":"airflow.task.hooks.airflow.providers.standard.hooks.subprocess.SubprocessHook","filename":"subprocess.py","lineno":99}
{"timestamp":"2026-06-03T11:14:14.211932Z","level":"info","event":"\t---------------------------------------------------------------------","logger":"airflow.task.hooks.airflow.providers.standard.hooks.subprocess.SubprocessHook","filename":"subprocess.py","lineno":99}
{"timestamp":"2026-06-03T11:14:14.211997Z","level":"info","event":"\t|      default     |   2   |   0   |   0   |   0   ||   2   |   0   |","logger":"airflow.task.hooks.airflow.providers.standard.hooks.subprocess.SubprocessHook","filename":"subprocess.py","lineno":99}
{"timestamp":"2026-06-03T11:14:14.212386Z","level":"info","event":"\t---------------------------------------------------------------------","logger":"airflow.task.hooks.airflow.providers.standard.hooks.subprocess.SubprocessHook","filename":"subprocess.py","lineno":99}
{"timestamp":"2026-06-03T11:14:14.222068Z","level":"info","event":":: retrieving :: org.apache.spark#spark-submit-parent-1bcb59eb-c066-42fa-8c70-65e074e2f057","logger":"airflow.task.hooks.airflow.providers.standard.hooks.subprocess.SubprocessHook","filename":"subprocess.py","lineno":99}
{"timestamp":"2026-06-03T11:14:14.222245Z","level":"info","event":"\tconfs: [default]","logger":"airflow.task.hooks.airflow.providers.standard.hooks.subprocess.SubprocessHook","filename":"subprocess.py","lineno":99}
{"timestamp":"2026-06-03T11:14:14.230418Z","level":"info","event":"\t0 artifacts copied, 2 already retrieved (0kB/7ms)","logger":"airflow.task.hooks.airflow.providers.standard.hooks.subprocess.SubprocessHook","filename":"subprocess.py","lineno":99}
{"timestamp":"2026-06-03T11:14:14.751936Z","level":"info","event":"26/06/03 16:44:14 WARN NativeCodeLoader: Unable to load native-hadoop library for your platform... using builtin-java classes where applicable","logger":"airflow.task.hooks.airflow.providers.standard.hooks.subprocess.SubprocessHook","filename":"subprocess.py","lineno":99}
{"timestamp":"2026-06-03T11:14:15.446844Z","level":"info","event":"Setting default log level to \"WARN\".","logger":"airflow.task.hooks.airflow.providers.standard.hooks.subprocess.SubprocessHook","filename":"subprocess.py","lineno":99}
{"timestamp":"2026-06-03T11:14:15.447135Z","level":"info","event":"To adjust logging level use sc.setLogLevel(newLevel). For SparkR, use setLogLevel(newLevel).","logger":"airflow.task.hooks.airflow.providers.standard.hooks.subprocess.SubprocessHook","filename":"subprocess.py","lineno":99}
{"timestamp":"2026-06-03T11:14:19.867963Z","level":"info","event":"26/06/03 16:44:19 WARN Utils: Service 'SparkUI' could not bind on port 4040. Attempting port 4041.","logger":"airflow.task.hooks.airflow.providers.standard.hooks.subprocess.SubprocessHook","filename":"subprocess.py","lineno":99}
{"timestamp":"2026-06-03T11:14:56.214676Z","level":"info","event":"\r[Stage 0:>                                                          (0 + 0) / 1]\r\r[Stage 0:>                                                          (0 + 1) / 1]\r\r[Stage 0:>                  (0 + 1) / 1][Stage 1:>                  (0 + 1) / 1]\r\r[Stage 0:>                                                          (0 + 1) / 1]\r\r                                                                                \r\r[Stage 0:>                                                          (0 + 1) / 1]\r\r[Stage 5:>                                                          (0 + 1) / 1]\r\r                                                                                \rStarting Gold Analytical Aggregation...","logger":"airflow.task.hooks.airflow.providers.standard.hooks.subprocess.SubprocessHook","filename":"subprocess.py","lineno":99}
{"timestamp":"2026-06-03T11:14:56.221201Z","level":"info","event":"Reading Silver tables from PostgreSQL...","logger":"airflow.task.hooks.airflow.providers.standard.hooks.subprocess.SubprocessHook","filename":"subprocess.py","lineno":99}
{"timestamp":"2026-06-03T11:14:56.221305Z","level":"info","event":"Performing Silver table join and metric aggregations...","logger":"airflow.task.hooks.airflow.providers.standard.hooks.subprocess.SubprocessHook","filename":"subprocess.py","lineno":99}
{"timestamp":"2026-06-03T11:14:56.221366Z","level":"info","event":"Writing Gold aggregations to PostgreSQL table 'gold_users_summary'...","logger":"airflow.task.hooks.airflow.providers.standard.hooks.subprocess.SubprocessHook","filename":"subprocess.py","lineno":99}
{"timestamp":"2026-06-03T11:14:56.221435Z","level":"info","event":"Gold analytical aggregations successfully written to database.","logger":"airflow.task.hooks.airflow.providers.standard.hooks.subprocess.SubprocessHook","filename":"subprocess.py","lineno":99}
{"timestamp":"2026-06-03T11:14:57.272802Z","level":"info","event":"Command exited with return code 0","logger":"airflow.task.hooks.airflow.providers.standard.hooks.subprocess.SubprocessHook","filename":"subprocess.py","lineno":103}
{"timestamp":"2026-06-03T11:14:57.276687Z","level":"info","event":"Pushing xcom","ti":"RuntimeTaskInstance(id=UUID('019e8d28-61e3-7615-86db-47690741363b'), task_id='run_gold_aggregation', dag_id='medallion_pipeline', run_id='manual__2026-06-03T11:04:54.475152+00:00', try_number=1, dag_version_id=UUID('019e8d1b-aae9-7b73-b29b-5fb6d1660f99'), map_index=-1, hostname='ashishs-macbook-air.local', context_carrier={'traceparent': '00-957782643da13ffa7c41d30bf113c708-bf5c94a5b86c3228-01'}, task=<Task(BashOperator): run_gold_aggregation>, bundle_instance=LocalDagBundle(name=dags-folder), max_tries=1, start_date=datetime.datetime(2026, 6, 3, 11, 13, 54, 707437, tzinfo=datetime.timezone.utc), end_date=None, state=<TaskInstanceState.RUNNING: 'running'>, is_mapped=False, rendered_map_index=None, sentry_integration='')","logger":"task","filename":"task_runner.py","lineno":1724}
{"timestamp":"2026-06-03T11:14:57.362770Z","level":"info","event":"Task instance in success state","logger":"task.stdout"}
{"timestamp":"2026-06-03T11:14:57.363258Z","level":"info","event":" Previous state of the Task instance: TaskInstanceState.RUNNING","logger":"task.stdout"}
{"timestamp":"2026-06-03T11:14:57.365567Z","level":"info","event":"Task operator:<Task(BashOperator): run_gold_aggregation>","logger":"task.stdout"}
